###############################################################################
#
# IAR ELF Linker V7.50.2.10312/W32 for ARM                28/Sep/2018  16:21:06
# Copyright 2007-2015 IAR Systems AB.
#
#    Output file  =  
#        C:\Users\Deo\Documents\GIT
#        PROJECTS\Network-Analyzer\EWARM\NetworkAnalyzer\Exe\NetworkAnalyzer.out
#    Map file     =  
#        C:\Users\Deo\Documents\GIT
#        PROJECTS\Network-Analyzer\EWARM\NetworkAnalyzer\List\NetworkAnalyzer.map
#    Command line =  
#        "C:\Users\Deo\Documents\GIT
#        PROJECTS\Network-Analyzer\EWARM\NetworkAnalyzer\Obj\ADC.o"
#        "C:\Users\Deo\Documents\GIT
#        PROJECTS\Network-Analyzer\EWARM\NetworkAnalyzer\Obj\cmsis_os.o"
#        "C:\Users\Deo\Documents\GIT
#        PROJECTS\Network-Analyzer\EWARM\NetworkAnalyzer\Obj\croutine.o"
#        "C:\Users\Deo\Documents\GIT
#        PROJECTS\Network-Analyzer\EWARM\NetworkAnalyzer\Obj\DMA.o"
#        "C:\Users\Deo\Documents\GIT
#        PROJECTS\Network-Analyzer\EWARM\NetworkAnalyzer\Obj\event_groups.o"
#        "C:\Users\Deo\Documents\GIT
#        PROJECTS\Network-Analyzer\EWARM\NetworkAnalyzer\Obj\freertos.o"
#        "C:\Users\Deo\Documents\GIT
#        PROJECTS\Network-Analyzer\EWARM\NetworkAnalyzer\Obj\GPIO.o"
#        "C:\Users\Deo\Documents\GIT
#        PROJECTS\Network-Analyzer\EWARM\NetworkAnalyzer\Obj\Graphix.o"
#        "C:\Users\Deo\Documents\GIT
#        PROJECTS\Network-Analyzer\EWARM\NetworkAnalyzer\Obj\heap_4.o"
#        "C:\Users\Deo\Documents\GIT
#        PROJECTS\Network-Analyzer\EWARM\NetworkAnalyzer\Obj\I2C.o"
#        "C:\Users\Deo\Documents\GIT
#        PROJECTS\Network-Analyzer\EWARM\NetworkAnalyzer\Obj\list.o"
#        "C:\Users\Deo\Documents\GIT
#        PROJECTS\Network-Analyzer\EWARM\NetworkAnalyzer\Obj\main.o"
#        "C:\Users\Deo\Documents\GIT
#        PROJECTS\Network-Analyzer\EWARM\NetworkAnalyzer\Obj\Menus.o"
#        "C:\Users\Deo\Documents\GIT
#        PROJECTS\Network-Analyzer\EWARM\NetworkAnalyzer\Obj\Oled.o"
#        "C:\Users\Deo\Documents\GIT
#        PROJECTS\Network-Analyzer\EWARM\NetworkAnalyzer\Obj\port.o"
#        "C:\Users\Deo\Documents\GIT
#        PROJECTS\Network-Analyzer\EWARM\NetworkAnalyzer\Obj\portasm.o"
#        "C:\Users\Deo\Documents\GIT
#        PROJECTS\Network-Analyzer\EWARM\NetworkAnalyzer\Obj\queue.o"
#        "C:\Users\Deo\Documents\GIT
#        PROJECTS\Network-Analyzer\EWARM\NetworkAnalyzer\Obj\startup_stm32f103xb.o"
#        "C:\Users\Deo\Documents\GIT
#        PROJECTS\Network-Analyzer\EWARM\NetworkAnalyzer\Obj\stm32f1xx_hal.o"
#        "C:\Users\Deo\Documents\GIT
#        PROJECTS\Network-Analyzer\EWARM\NetworkAnalyzer\Obj\stm32f1xx_hal_adc.o"
#        "C:\Users\Deo\Documents\GIT
#        PROJECTS\Network-Analyzer\EWARM\NetworkAnalyzer\Obj\stm32f1xx_hal_adc_ex.o"
#        "C:\Users\Deo\Documents\GIT
#        PROJECTS\Network-Analyzer\EWARM\NetworkAnalyzer\Obj\stm32f1xx_hal_cortex.o"
#        "C:\Users\Deo\Documents\GIT
#        PROJECTS\Network-Analyzer\EWARM\NetworkAnalyzer\Obj\stm32f1xx_hal_dma.o"
#        "C:\Users\Deo\Documents\GIT
#        PROJECTS\Network-Analyzer\EWARM\NetworkAnalyzer\Obj\stm32f1xx_hal_flash.o"
#        "C:\Users\Deo\Documents\GIT
#        PROJECTS\Network-Analyzer\EWARM\NetworkAnalyzer\Obj\stm32f1xx_hal_flash_ex.o"
#        "C:\Users\Deo\Documents\GIT
#        PROJECTS\Network-Analyzer\EWARM\NetworkAnalyzer\Obj\stm32f1xx_hal_gpio.o"
#        "C:\Users\Deo\Documents\GIT
#        PROJECTS\Network-Analyzer\EWARM\NetworkAnalyzer\Obj\stm32f1xx_hal_gpio_ex.o"
#        "C:\Users\Deo\Documents\GIT
#        PROJECTS\Network-Analyzer\EWARM\NetworkAnalyzer\Obj\stm32f1xx_hal_i2c.o"
#        "C:\Users\Deo\Documents\GIT
#        PROJECTS\Network-Analyzer\EWARM\NetworkAnalyzer\Obj\stm32f1xx_hal_msp.o"
#        "C:\Users\Deo\Documents\GIT
#        PROJECTS\Network-Analyzer\EWARM\NetworkAnalyzer\Obj\stm32f1xx_hal_pwr.o"
#        "C:\Users\Deo\Documents\GIT
#        PROJECTS\Network-Analyzer\EWARM\NetworkAnalyzer\Obj\stm32f1xx_hal_rcc.o"
#        "C:\Users\Deo\Documents\GIT
#        PROJECTS\Network-Analyzer\EWARM\NetworkAnalyzer\Obj\stm32f1xx_hal_rcc_ex.o"
#        "C:\Users\Deo\Documents\GIT
#        PROJECTS\Network-Analyzer\EWARM\NetworkAnalyzer\Obj\stm32f1xx_hal_tim.o"
#        "C:\Users\Deo\Documents\GIT
#        PROJECTS\Network-Analyzer\EWARM\NetworkAnalyzer\Obj\stm32f1xx_hal_tim_ex.o"
#        "C:\Users\Deo\Documents\GIT
#        PROJECTS\Network-Analyzer\EWARM\NetworkAnalyzer\Obj\stm32f1xx_hal_timebase_TIM.o"
#        "C:\Users\Deo\Documents\GIT
#        PROJECTS\Network-Analyzer\EWARM\NetworkAnalyzer\Obj\stm32f1xx_it.o"
#        "C:\Users\Deo\Documents\GIT
#        PROJECTS\Network-Analyzer\EWARM\NetworkAnalyzer\Obj\system_stm32f1xx.o"
#        "C:\Users\Deo\Documents\GIT
#        PROJECTS\Network-Analyzer\EWARM\NetworkAnalyzer\Obj\SysTime.o"
#        "C:\Users\Deo\Documents\GIT
#        PROJECTS\Network-Analyzer\EWARM\NetworkAnalyzer\Obj\TaskKeyboard.o"
#        "C:\Users\Deo\Documents\GIT
#        PROJECTS\Network-Analyzer\EWARM\NetworkAnalyzer\Obj\TaskLed.o"
#        "C:\Users\Deo\Documents\GIT
#        PROJECTS\Network-Analyzer\EWARM\NetworkAnalyzer\Obj\TaskMeasure.o"
#        "C:\Users\Deo\Documents\GIT
#        PROJECTS\Network-Analyzer\EWARM\NetworkAnalyzer\Obj\TaskOled.o"
#        "C:\Users\Deo\Documents\GIT
#        PROJECTS\Network-Analyzer\EWARM\NetworkAnalyzer\Obj\TaskRTC.o"
#        "C:\Users\Deo\Documents\GIT
#        PROJECTS\Network-Analyzer\EWARM\NetworkAnalyzer\Obj\tasks.o"
#        "C:\Users\Deo\Documents\GIT
#        PROJECTS\Network-Analyzer\EWARM\NetworkAnalyzer\Obj\timers.o"
#        "C:\Users\Deo\Documents\GIT
#        PROJECTS\Network-Analyzer\EWARM\NetworkAnalyzer\Obj\u8g2_bitmap.o"
#        "C:\Users\Deo\Documents\GIT
#        PROJECTS\Network-Analyzer\EWARM\NetworkAnalyzer\Obj\u8g2_box.o"
#        "C:\Users\Deo\Documents\GIT
#        PROJECTS\Network-Analyzer\EWARM\NetworkAnalyzer\Obj\u8g2_buffer.o"
#        "C:\Users\Deo\Documents\GIT
#        PROJECTS\Network-Analyzer\EWARM\NetworkAnalyzer\Obj\u8g2_circle.o"
#        "C:\Users\Deo\Documents\GIT
#        PROJECTS\Network-Analyzer\EWARM\NetworkAnalyzer\Obj\u8g2_cleardisplay.o"
#        "C:\Users\Deo\Documents\GIT
#        PROJECTS\Network-Analyzer\EWARM\NetworkAnalyzer\Obj\u8g2_d_memory.o"
#        "C:\Users\Deo\Documents\GIT
#        PROJECTS\Network-Analyzer\EWARM\NetworkAnalyzer\Obj\u8g2_d_setup.o"
#        "C:\Users\Deo\Documents\GIT
#        PROJECTS\Network-Analyzer\EWARM\NetworkAnalyzer\Obj\u8g2_font.o"
#        "C:\Users\Deo\Documents\GIT
#        PROJECTS\Network-Analyzer\EWARM\NetworkAnalyzer\Obj\u8g2_fonts.o"
#        "C:\Users\Deo\Documents\GIT
#        PROJECTS\Network-Analyzer\EWARM\NetworkAnalyzer\Obj\u8g2_hvline.o"
#        "C:\Users\Deo\Documents\GIT
#        PROJECTS\Network-Analyzer\EWARM\NetworkAnalyzer\Obj\u8g2_input_value.o"
#        "C:\Users\Deo\Documents\GIT
#        PROJECTS\Network-Analyzer\EWARM\NetworkAnalyzer\Obj\u8g2_intersection.o"
#        "C:\Users\Deo\Documents\GIT
#        PROJECTS\Network-Analyzer\EWARM\NetworkAnalyzer\Obj\u8g2_kerning.o"
#        "C:\Users\Deo\Documents\GIT
#        PROJECTS\Network-Analyzer\EWARM\NetworkAnalyzer\Obj\u8g2_line.o"
#        "C:\Users\Deo\Documents\GIT
#        PROJECTS\Network-Analyzer\EWARM\NetworkAnalyzer\Obj\u8g2_ll_hvline.o"
#        "C:\Users\Deo\Documents\GIT
#        PROJECTS\Network-Analyzer\EWARM\NetworkAnalyzer\Obj\u8g2_message.o"
#        "C:\Users\Deo\Documents\GIT
#        PROJECTS\Network-Analyzer\EWARM\NetworkAnalyzer\Obj\u8g2_polygon.o"
#        "C:\Users\Deo\Documents\GIT
#        PROJECTS\Network-Analyzer\EWARM\NetworkAnalyzer\Obj\u8g2_selection_list.o"
#        "C:\Users\Deo\Documents\GIT
#        PROJECTS\Network-Analyzer\EWARM\NetworkAnalyzer\Obj\u8g2_setup.o"
#        "C:\Users\Deo\Documents\GIT
#        PROJECTS\Network-Analyzer\EWARM\NetworkAnalyzer\Obj\u8log.o"
#        "C:\Users\Deo\Documents\GIT
#        PROJECTS\Network-Analyzer\EWARM\NetworkAnalyzer\Obj\u8log_u8g2.o"
#        "C:\Users\Deo\Documents\GIT
#        PROJECTS\Network-Analyzer\EWARM\NetworkAnalyzer\Obj\u8log_u8x8.o"
#        "C:\Users\Deo\Documents\GIT
#        PROJECTS\Network-Analyzer\EWARM\NetworkAnalyzer\Obj\u8x8_8x8.o"
#        "C:\Users\Deo\Documents\GIT
#        PROJECTS\Network-Analyzer\EWARM\NetworkAnalyzer\Obj\u8x8_byte.o"
#        "C:\Users\Deo\Documents\GIT
#        PROJECTS\Network-Analyzer\EWARM\NetworkAnalyzer\Obj\u8x8_cad.o"
#        "C:\Users\Deo\Documents\GIT
#        PROJECTS\Network-Analyzer\EWARM\NetworkAnalyzer\Obj\u8x8_d_a2printer.o"
#        "C:\Users\Deo\Documents\GIT
#        PROJECTS\Network-Analyzer\EWARM\NetworkAnalyzer\Obj\u8x8_d_il3820_296x128.o"
#        "C:\Users\Deo\Documents\GIT
#        PROJECTS\Network-Analyzer\EWARM\NetworkAnalyzer\Obj\u8x8_d_ist3020.o"
#        "C:\Users\Deo\Documents\GIT
#        PROJECTS\Network-Analyzer\EWARM\NetworkAnalyzer\Obj\u8x8_d_ks0108.o"
#        "C:\Users\Deo\Documents\GIT
#        PROJECTS\Network-Analyzer\EWARM\NetworkAnalyzer\Obj\u8x8_d_lc7981.o"
#        "C:\Users\Deo\Documents\GIT
#        PROJECTS\Network-Analyzer\EWARM\NetworkAnalyzer\Obj\u8x8_d_ld7032_60x32.o"
#        "C:\Users\Deo\Documents\GIT
#        PROJECTS\Network-Analyzer\EWARM\NetworkAnalyzer\Obj\u8x8_d_ls013b7dh03.o"
#        "C:\Users\Deo\Documents\GIT
#        PROJECTS\Network-Analyzer\EWARM\NetworkAnalyzer\Obj\u8x8_d_max7219.o"
#        "C:\Users\Deo\Documents\GIT
#        PROJECTS\Network-Analyzer\EWARM\NetworkAnalyzer\Obj\u8x8_d_pcd8544_84x48.o"
#        "C:\Users\Deo\Documents\GIT
#        PROJECTS\Network-Analyzer\EWARM\NetworkAnalyzer\Obj\u8x8_d_pcf8812.o"
#        "C:\Users\Deo\Documents\GIT
#        PROJECTS\Network-Analyzer\EWARM\NetworkAnalyzer\Obj\u8x8_d_pcf8814_hx1230.o"
#        "C:\Users\Deo\Documents\GIT
#        PROJECTS\Network-Analyzer\EWARM\NetworkAnalyzer\Obj\u8x8_d_sbn1661.o"
#        "C:\Users\Deo\Documents\GIT
#        PROJECTS\Network-Analyzer\EWARM\NetworkAnalyzer\Obj\u8x8_d_sed1330.o"
#        "C:\Users\Deo\Documents\GIT
#        PROJECTS\Network-Analyzer\EWARM\NetworkAnalyzer\Obj\u8x8_d_sh1106_64x32.o"
#        "C:\Users\Deo\Documents\GIT
#        PROJECTS\Network-Analyzer\EWARM\NetworkAnalyzer\Obj\u8x8_d_sh1106_72x40.o"
#        "C:\Users\Deo\Documents\GIT
#        PROJECTS\Network-Analyzer\EWARM\NetworkAnalyzer\Obj\u8x8_d_sh1107.o"
#        "C:\Users\Deo\Documents\GIT
#        PROJECTS\Network-Analyzer\EWARM\NetworkAnalyzer\Obj\u8x8_d_sh1108.o"
#        "C:\Users\Deo\Documents\GIT
#        PROJECTS\Network-Analyzer\EWARM\NetworkAnalyzer\Obj\u8x8_d_sh1122.o"
#        "C:\Users\Deo\Documents\GIT
#        PROJECTS\Network-Analyzer\EWARM\NetworkAnalyzer\Obj\u8x8_d_ssd1305.o"
#        "C:\Users\Deo\Documents\GIT
#        PROJECTS\Network-Analyzer\EWARM\NetworkAnalyzer\Obj\u8x8_d_ssd1306_128x32.o"
#        "C:\Users\Deo\Documents\GIT
#        PROJECTS\Network-Analyzer\EWARM\NetworkAnalyzer\Obj\u8x8_d_ssd1306_128x64_noname.o"
#        "C:\Users\Deo\Documents\GIT
#        PROJECTS\Network-Analyzer\EWARM\NetworkAnalyzer\Obj\u8x8_d_ssd1306_48x64.o"
#        "C:\Users\Deo\Documents\GIT
#        PROJECTS\Network-Analyzer\EWARM\NetworkAnalyzer\Obj\u8x8_d_ssd1306_64x32.o"
#        "C:\Users\Deo\Documents\GIT
#        PROJECTS\Network-Analyzer\EWARM\NetworkAnalyzer\Obj\u8x8_d_ssd1306_64x48.o"
#        "C:\Users\Deo\Documents\GIT
#        PROJECTS\Network-Analyzer\EWARM\NetworkAnalyzer\Obj\u8x8_d_ssd1306_96x16.o"
#        "C:\Users\Deo\Documents\GIT
#        PROJECTS\Network-Analyzer\EWARM\NetworkAnalyzer\Obj\u8x8_d_ssd1309.o"
#        "C:\Users\Deo\Documents\GIT
#        PROJECTS\Network-Analyzer\EWARM\NetworkAnalyzer\Obj\u8x8_d_ssd1317.o"
#        "C:\Users\Deo\Documents\GIT
#        PROJECTS\Network-Analyzer\EWARM\NetworkAnalyzer\Obj\u8x8_d_ssd1322.o"
#        "C:\Users\Deo\Documents\GIT
#        PROJECTS\Network-Analyzer\EWARM\NetworkAnalyzer\Obj\u8x8_d_ssd1325.o"
#        "C:\Users\Deo\Documents\GIT
#        PROJECTS\Network-Analyzer\EWARM\NetworkAnalyzer\Obj\u8x8_d_ssd1326.o"
#        "C:\Users\Deo\Documents\GIT
#        PROJECTS\Network-Analyzer\EWARM\NetworkAnalyzer\Obj\u8x8_d_ssd1327.o"
#        "C:\Users\Deo\Documents\GIT
#        PROJECTS\Network-Analyzer\EWARM\NetworkAnalyzer\Obj\u8x8_d_ssd1329.o"
#        "C:\Users\Deo\Documents\GIT
#        PROJECTS\Network-Analyzer\EWARM\NetworkAnalyzer\Obj\u8x8_d_ssd1606_172x72.o"
#        "C:\Users\Deo\Documents\GIT
#        PROJECTS\Network-Analyzer\EWARM\NetworkAnalyzer\Obj\u8x8_d_ssd1607_200x200.o"
#        "C:\Users\Deo\Documents\GIT
#        PROJECTS\Network-Analyzer\EWARM\NetworkAnalyzer\Obj\u8x8_d_st75256.o"
#        "C:\Users\Deo\Documents\GIT
#        PROJECTS\Network-Analyzer\EWARM\NetworkAnalyzer\Obj\u8x8_d_st7565.o"
#        "C:\Users\Deo\Documents\GIT
#        PROJECTS\Network-Analyzer\EWARM\NetworkAnalyzer\Obj\u8x8_d_st7567.o"
#        "C:\Users\Deo\Documents\GIT
#        PROJECTS\Network-Analyzer\EWARM\NetworkAnalyzer\Obj\u8x8_d_st7586s_erc240160.o"
#        "C:\Users\Deo\Documents\GIT
#        PROJECTS\Network-Analyzer\EWARM\NetworkAnalyzer\Obj\u8x8_d_st7586s_s028hn118a.o"
#        "C:\Users\Deo\Documents\GIT
#        PROJECTS\Network-Analyzer\EWARM\NetworkAnalyzer\Obj\u8x8_d_st7588.o"
#        "C:\Users\Deo\Documents\GIT
#        PROJECTS\Network-Analyzer\EWARM\NetworkAnalyzer\Obj\u8x8_d_st7920.o"
#        "C:\Users\Deo\Documents\GIT
#        PROJECTS\Network-Analyzer\EWARM\NetworkAnalyzer\Obj\u8x8_d_stdio.o"
#        "C:\Users\Deo\Documents\GIT
#        PROJECTS\Network-Analyzer\EWARM\NetworkAnalyzer\Obj\u8x8_d_t6963.o"
#        "C:\Users\Deo\Documents\GIT
#        PROJECTS\Network-Analyzer\EWARM\NetworkAnalyzer\Obj\u8x8_d_uc1601.o"
#        "C:\Users\Deo\Documents\GIT
#        PROJECTS\Network-Analyzer\EWARM\NetworkAnalyzer\Obj\u8x8_d_uc1604.o"
#        "C:\Users\Deo\Documents\GIT
#        PROJECTS\Network-Analyzer\EWARM\NetworkAnalyzer\Obj\u8x8_d_uc1608.o"
#        "C:\Users\Deo\Documents\GIT
#        PROJECTS\Network-Analyzer\EWARM\NetworkAnalyzer\Obj\u8x8_d_uc1610.o"
#        "C:\Users\Deo\Documents\GIT
#        PROJECTS\Network-Analyzer\EWARM\NetworkAnalyzer\Obj\u8x8_d_uc1611.o"
#        "C:\Users\Deo\Documents\GIT
#        PROJECTS\Network-Analyzer\EWARM\NetworkAnalyzer\Obj\u8x8_d_uc1617.o"
#        "C:\Users\Deo\Documents\GIT
#        PROJECTS\Network-Analyzer\EWARM\NetworkAnalyzer\Obj\u8x8_d_uc1638.o"
#        "C:\Users\Deo\Documents\GIT
#        PROJECTS\Network-Analyzer\EWARM\NetworkAnalyzer\Obj\u8x8_d_uc1701_dogs102.o"
#        "C:\Users\Deo\Documents\GIT
#        PROJECTS\Network-Analyzer\EWARM\NetworkAnalyzer\Obj\u8x8_d_uc1701_mini12864.o"
#        "C:\Users\Deo\Documents\GIT
#        PROJECTS\Network-Analyzer\EWARM\NetworkAnalyzer\Obj\u8x8_debounce.o"
#        "C:\Users\Deo\Documents\GIT
#        PROJECTS\Network-Analyzer\EWARM\NetworkAnalyzer\Obj\u8x8_display.o"
#        "C:\Users\Deo\Documents\GIT
#        PROJECTS\Network-Analyzer\EWARM\NetworkAnalyzer\Obj\u8x8_fonts.o"
#        "C:\Users\Deo\Documents\GIT
#        PROJECTS\Network-Analyzer\EWARM\NetworkAnalyzer\Obj\u8x8_gpio.o"
#        "C:\Users\Deo\Documents\GIT
#        PROJECTS\Network-Analyzer\EWARM\NetworkAnalyzer\Obj\u8x8_input_value.o"
#        "C:\Users\Deo\Documents\GIT
#        PROJECTS\Network-Analyzer\EWARM\NetworkAnalyzer\Obj\u8x8_message.o"
#        "C:\Users\Deo\Documents\GIT
#        PROJECTS\Network-Analyzer\EWARM\NetworkAnalyzer\Obj\u8x8_selection_list.o"
#        "C:\Users\Deo\Documents\GIT
#        PROJECTS\Network-Analyzer\EWARM\NetworkAnalyzer\Obj\u8x8_setup.o"
#        "C:\Users\Deo\Documents\GIT
#        PROJECTS\Network-Analyzer\EWARM\NetworkAnalyzer\Obj\u8x8_string.o"
#        "C:\Users\Deo\Documents\GIT
#        PROJECTS\Network-Analyzer\EWARM\NetworkAnalyzer\Obj\u8x8_u16toa.o"
#        "C:\Users\Deo\Documents\GIT
#        PROJECTS\Network-Analyzer\EWARM\NetworkAnalyzer\Obj\u8x8_u8toa.o"
#        --redirect _Printf=_PrintfFull --redirect _Scanf=_ScanfFull -o
#        "C:\Users\Deo\Documents\GIT
#        PROJECTS\Network-Analyzer\EWARM\NetworkAnalyzer\Exe\NetworkAnalyzer.out"
#        --map "C:\Users\Deo\Documents\GIT
#        PROJECTS\Network-Analyzer\EWARM\NetworkAnalyzer\List\NetworkAnalyzer.map"
#        --config "C:\Users\Deo\Documents\GIT
#        PROJECTS\Network-Analyzer\EWARM/stm32f103xb_flash.icf" --semihosting
#        --entry __iar_program_start --vfe
#
###############################################################################

*******************************************************************************
*** RUNTIME MODEL ATTRIBUTES
***

CppFlavor                     = *
__Heap_Handler                = Basic
__SystemLibrary               = DLib
__dlib_dynamic_initialization = normal


*******************************************************************************
*** PLACEMENT SUMMARY
***

"A1":  place at 0x08000000 { ro section .intvec };
"P1":  place in [from 0x08000000 to 0x0801ffff] { ro };
"P2":  place in [from 0x20000000 to 0x20004fff] { rw, block CSTACK, block HEAP };

  Section             Kind        Address    Size  Object
  -------             ----        -------    ----  ------
"A1":                                        0xec
  .intvec             ro code  0x08000000    0xec  startup_stm32f103xb.o [1]
                             - 0x080000ec    0xec

"P1":                                      0xa1ce
  .text               ro code  0x080000ec  0x1166  xprintffull.o [3]
  .text               ro code  0x08001252    0x20  xmbtowc.o [3]
  .text               ro code  0x08001272    0x1a  xsnprout.o [3]
  .text               ro code  0x0800128c    0x16  strchr.o [5]
  .rodata             const    0x080012a2     0x2  stm32f1xx_hal_rcc.o [1]
  .text               ro code  0x080012a4    0x36  strlen.o [5]
  .rodata             const    0x080012da     0x2  stm32f1xx_hal_rcc_ex.o [1]
  .text               ro code  0x080012dc    0x58  memchr.o [5]
  .text               ro code  0x08001334     0xa  xmbcurmax.o [3]
  .text               ro code  0x08001340    0xb0  xxmemxmalloc.o [3]
  .text               ro code  0x080013f0    0x1a  xwctomb.o [3]
  .text               ro code  0x0800140c    0x76  ABImemcpy_unaligned.o [5]
  .text               ro code  0x08001484    0x80  xxmemxfree.o [3]
  .text               ro code  0x08001504    0xee  I64DivMod.o [5]
  .text               ro code  0x080015f2    0x42  xdnorm.o [4]
  .text               ro code  0x08001634    0x2e  DblCmpLe.o [4]
  .text               ro code  0x08001664    0x2e  DblCmpGe.o [4]
  .text               ro code  0x08001694   0x10c  xdscale.o [4]
  .text               ro code  0x080017a0    0x58  DblToI32.o [4]
  .text               ro code  0x080017f8    0x30  I32ToDbl.o [4]
  .text               ro code  0x08001828   0x180  DblSub.o [4]
  .text               ro code  0x080019a8   0x1a2  DblMul.o [4]
  .text               ro code  0x08001b4c   0x256  DblDiv.o [4]
  .text               ro code  0x08001da4    0x6c  localeconv.o [3]
  .text               ro code  0x08001e10     0xe  div.o [3]
  .text               ro code  0x08001e20    0x14  setlocale.o [3]
  .text               ro code  0x08001e34    0x60  xencoding_sb.o [3]
  .text               ro code  0x08001e94    0x2c  xgetmemchunk.o [3]
  .text               ro code  0x08001ec0     0x2  I64DivZer.o [5]
  .text               ro code  0x08001ec4    0xd4  DblAdd.o [4]
  .text               ro code  0x08001f98     0x2  xtls.o [3]
  .rodata             const    0x08001f9c   0x8d4  u8g2_fonts.o [1]
  .rodata             const    0x08002870   0x884  u8g2_fonts.o [1]
  .text               ro code  0x080030f4   0x882  stm32f1xx_hal_i2c.o [1]
  .text               ro code  0x08003978   0x1c8  stm32f1xx_hal_msp.o [1]
  .text               ro code  0x08003b40   0x728  stm32f1xx_hal_rcc.o [1]
  .text               ro code  0x08004268    0x44  stm32f1xx_hal.o [1]
  .text               ro code  0x080042ac   0x15c  stm32f1xx_hal_cortex.o [1]
  .text               ro code  0x08004408   0x310  stm32f1xx_hal_gpio.o [1]
  .text               ro code  0x08004718   0x300  stm32f1xx_hal_dma.o [1]
  .text               ro code  0x08004a18    0xd6  main.o [1]
  .text               ro code  0x08004af0    0x90  stm32f1xx_hal_timebase_TIM.o [1]
  .text               ro code  0x08004b80    0xe6  SysTime.o [1]
  .text               ro code  0x08004c68    0x94  GPIO.o [1]
  .text               ro code  0x08004cfc    0x74  DMA.o [1]
  .text               ro code  0x08004d70   0x124  ADC.o [1]
  .text               ro code  0x08004e94    0x60  I2C.o [1]
  .text               ro code  0x08004ef4   0x1d2  TaskRTC.o [1]
  .text               ro code  0x080050c8    0x76  cmsis_os.o [1]
  .text               ro code  0x08005140   0x24c  stm32f1xx_hal_tim.o [1]
  .text               ro code  0x0800538c   0x244  stm32f1xx_hal_rcc_ex.o [1]
  .text               ro code  0x080055d0   0x6ce  stm32f1xx_hal_adc.o [1]
  .text               ro code  0x08005ca0    0xf4  stm32f1xx_hal_adc_ex.o [1]
  .text               ro code  0x08005d94   0x7c8  tasks.o [1]
  .text               ro code  0x0800655c   0x1a4  port.o [1]
  .text               ro code  0x08006700     0x6  stm32f1xx_hal_tim_ex.o [1]
  .text               ro code  0x08006708   0x280  heap_4.o [1]
  .text               ro code  0x08006988    0x9e  list.o [1]
  CODE                ro code  0x08006a28    0x88  portasm.o [1]
  .text               ro code  0x08006ab0   0x844  Oled.o [1]
  .text               ro code  0x080072f4    0x48  u8g2_d_setup.o [1]
  .text               ro code  0x0800733c    0xe8  u8x8_display.o [1]
  .text               ro code  0x08007424   0x11c  u8g2_line.o [1]
  .text               ro code  0x08007540    0xbe  u8g2_buffer.o [1]
  .text               ro code  0x08007600    0x44  snprintf.o [3]
  .text               ro code  0x08007644   0x7a0  u8g2_font.o [1]
  .text               ro code  0x08007de4    0xe8  u8g2_box.o [1]
  .text               ro code  0x08007ecc    0x6a  u8x8_setup.o [1]
  .text               ro code  0x08007f38    0x10  u8g2_d_memory.o [1]
  .text               ro code  0x08007f48   0x140  u8g2_setup.o [1]
  .text               ro code  0x08008088    0x1a  u8x8_gpio.o [1]
  .text               ro code  0x080080a2   0x20e  u8g2_hvline.o [1]
  .text               ro code  0x080082b0    0x66  ABImemset.o [5]
  .text               ro code  0x08008316    0x88  u8g2_intersection.o [1]
  .text               ro code  0x080083a0    0x24  u8x8_8x8.o [1]
  .rodata             const    0x080083c4   0x7e4  u8g2_fonts.o [1]
  .rodata             const    0x08008ba8   0x5c8  u8g2_fonts.o [1]
  .text               ro code  0x08009170   0x458  Menus.o [1]
  .text               ro code  0x080095c8    0x46  TaskOled.o [1]
  .text               ro code  0x08009610   0x1fe  TaskLed.o [1]
  .text               ro code  0x08009810   0x1ac  u8x8_cad.o [1]
  .text               ro code  0x080099bc    0x4c  u8x8_byte.o [1]
  .text               ro code  0x08009a08   0x164  u8x8_d_ssd1306_128x64_noname.o [1]
  .text               ro code  0x08009b6c    0xf0  u8g2_ll_hvline.o [1]
  .text               ro code  0x08009c5c    0x68  system_stm32f1xx.o [1]
  .rodata             const    0x08009cc4    0x4c  stm32f1xx_hal_msp.o [1]
  .rodata             const    0x08009d10    0x44  SysTime.o [1]
  .rodata             const    0x08009d54    0x40  ADC.o [1]
  .rodata             const    0x08009d94    0x40  I2C.o [1]
  .text               ro code  0x08009dd4    0x40  zero_init3.o [5]
  .text               ro code  0x08009e14    0x3c  stm32f1xx_it.o [1]
  .rodata             const    0x08009e50    0x38  u8x8_d_ssd1306_128x64_noname.o [1]
  .text               ro code  0x08009e88    0x38  packbits_init_single.o [5]
  .text               ro code  0x08009ec0    0x30  TaskMeasure.o [1]
  .text               ro code  0x08009ef0    0x30  iarttio.o [6]
  .text               ro code  0x08009f20     0x8  XShttio.o [3]
  .text               ro code  0x08009f28    0x28  data_init.o [5]
  .iar.init_table     const    0x08009f50    0x20  - Linker created -
  .rodata             const    0x08009f70    0x1c  Oled.o [1]
  .text               ro code  0x08009f8c    0x1a  cmain.o [5]
  .text               ro code  0x08009fa6     0x4  low_level_init.o [3]
  .text               ro code  0x08009faa     0x4  exit.o [3]
  .text               ro code  0x08009fb0     0xa  cexit.o [5]
  .text               ro code  0x08009fbc    0x14  exit.o [6]
  .rodata             const    0x08009fd0    0x18  u8x8_d_ssd1306_128x64_noname.o [1]
  .rodata             const    0x08009fe8    0x14  main.o [1]
  .rodata             const    0x08009ffc    0x14  main.o [1]
  .rodata             const    0x0800a010    0x14  main.o [1]
  .rodata             const    0x0800a024    0x14  main.o [1]
  .rodata             const    0x0800a038    0x14  main.o [1]
  .rodata             const    0x0800a04c    0x14  Menus.o [1]
  .rodata             const    0x0800a060    0x10  Menus.o [1]
  .rodata             const    0x0800a070    0x10  Menus.o [1]
  .rodata             const    0x0800a080    0x10  Menus.o [1]
  .rodata             const    0x0800a090    0x10  Menus.o [1]
  .rodata             const    0x0800a0a0    0x10  Oled.o [1]
  .rodata             const    0x0800a0b0    0x10  Oled.o [1]
  .rodata             const    0x0800a0c0    0x10  stm32f1xx_hal_rcc.o [1]
  .rodata             const    0x0800a0d0    0x10  stm32f1xx_hal_rcc_ex.o [1]
  .rodata             const    0x0800a0e0    0x10  system_stm32f1xx.o [1]
  .text               ro code  0x0800a0f0    0x10  startup_stm32f103xb.o [1]
  .rodata             const    0x0800a100     0xc  main.o [1]
  .rodata             const    0x0800a10c     0xc  Menus.o [1]
  .text               ro code  0x0800a118     0xc  TaskKeyboard.o [1]
  .text               ro code  0x0800a124     0xc  cstartup_M.o [5]
  .rodata             const    0x0800a130     0x8  main.o [1]
  .rodata             const    0x0800a138     0x8  main.o [1]
  .rodata             const    0x0800a140     0x8  Menus.o [1]
  .rodata             const    0x0800a148     0x8  Oled.o [1]
  .rodata             const    0x0800a150     0x8  Oled.o [1]
  .rodata             const    0x0800a158     0x8  Oled.o [1]
  .rodata             const    0x0800a160     0x8  system_stm32f1xx.o [1]
  .rodata             const    0x0800a168     0x8  tasks.o [1]
  .rodata             const    0x0800a170     0x8  u8g2_setup.o [1]
  .rodata             const    0x0800a178     0x8  u8x8_d_ssd1306_128x64_noname.o [1]
  .rodata             const    0x0800a180     0x8  u8x8_d_ssd1306_128x64_noname.o [1]
  .rodata             const    0x0800a188     0x8  u8x8_d_ssd1306_128x64_noname.o [1]
  .rodata             const    0x0800a190     0x8  u8x8_d_ssd1306_128x64_noname.o [1]
  .rodata             const    0x0800a198     0x4  heap_4.o [1]
  .rodata             const    0x0800a19c     0x4  main.o [1]
  .rodata             const    0x0800a1a0     0x4  main.o [1]
  .rodata             const    0x0800a1a4     0x4  Oled.o [1]
  .rodata             const    0x0800a1a8     0x4  Oled.o [1]
  .rodata             const    0x0800a1ac     0x4  Oled.o [1]
  .text               ro code  0x0800a1b0     0x4  startup_stm32f103xb.o [1]
  .text               ro code  0x0800a1b4     0x4  startup_stm32f103xb.o [1]
  .text               ro code  0x0800a1b8     0x4  startup_stm32f103xb.o [1]
  .text               ro code  0x0800a1bc     0x4  startup_stm32f103xb.o [1]
  .text               ro code  0x0800a1c0     0x4  startup_stm32f103xb.o [1]
  .text               ro code  0x0800a1c4     0x4  startup_stm32f103xb.o [1]
  .text               ro code  0x0800a1c8     0x4  startup_stm32f103xb.o [1]
  .text               ro code  0x0800a1cc     0x4  startup_stm32f103xb.o [1]
  .text               ro code  0x0800a1d0     0x4  startup_stm32f103xb.o [1]
  .text               ro code  0x0800a1d4     0x4  startup_stm32f103xb.o [1]
  .text               ro code  0x0800a1d8     0x4  startup_stm32f103xb.o [1]
  .text               ro code  0x0800a1dc     0x4  startup_stm32f103xb.o [1]
  .text               ro code  0x0800a1e0     0x4  startup_stm32f103xb.o [1]
  .text               ro code  0x0800a1e4     0x4  startup_stm32f103xb.o [1]
  .text               ro code  0x0800a1e8     0x4  startup_stm32f103xb.o [1]
  .text               ro code  0x0800a1ec     0x4  startup_stm32f103xb.o [1]
  .text               ro code  0x0800a1f0     0x4  startup_stm32f103xb.o [1]
  .text               ro code  0x0800a1f4     0x4  startup_stm32f103xb.o [1]
  .text               ro code  0x0800a1f8     0x4  startup_stm32f103xb.o [1]
  .text               ro code  0x0800a1fc     0x4  startup_stm32f103xb.o [1]
  .text               ro code  0x0800a200     0x4  startup_stm32f103xb.o [1]
  .text               ro code  0x0800a204     0x4  startup_stm32f103xb.o [1]
  .text               ro code  0x0800a208     0x4  startup_stm32f103xb.o [1]
  .text               ro code  0x0800a20c     0x4  startup_stm32f103xb.o [1]
  .text               ro code  0x0800a210     0x4  startup_stm32f103xb.o [1]
  .text               ro code  0x0800a214     0x4  startup_stm32f103xb.o [1]
  .text               ro code  0x0800a218     0x4  startup_stm32f103xb.o [1]
  .text               ro code  0x0800a21c     0x4  startup_stm32f103xb.o [1]
  .text               ro code  0x0800a220     0x4  startup_stm32f103xb.o [1]
  .text               ro code  0x0800a224     0x4  startup_stm32f103xb.o [1]
  .text               ro code  0x0800a228     0x4  startup_stm32f103xb.o [1]
  .text               ro code  0x0800a22c     0x4  startup_stm32f103xb.o [1]
  .text               ro code  0x0800a230     0x4  startup_stm32f103xb.o [1]
  .text               ro code  0x0800a234     0x4  startup_stm32f103xb.o [1]
  .text               ro code  0x0800a238     0x4  startup_stm32f103xb.o [1]
  .text               ro code  0x0800a23c     0x4  startup_stm32f103xb.o [1]
  .text               ro code  0x0800a240     0x4  startup_stm32f103xb.o [1]
  .text               ro code  0x0800a244     0x4  startup_stm32f103xb.o [1]
  .text               ro code  0x0800a248     0x4  startup_stm32f103xb.o [1]
  .text               ro code  0x0800a24c     0x4  startup_stm32f103xb.o [1]
  .text               ro code  0x0800a250     0x4  startup_stm32f103xb.o [1]
  .rodata             const    0x0800a254     0x0  zero_init3.o [5]
  .rodata             const    0x0800a254     0x0  packbits_init_single.o [5]
  Initializer bytes   const    0x0800a254    0x66  <for P2-1>
                             - 0x0800a2ba  0xa1ce

"P2", part 1 of 3:                          0x15b
  P2-1                         0x20000000   0x15b  <Init block>
    .data             inited   0x20000000    0x18  Menus.o [1]
    .data             inited   0x20000018    0x10  Menus.o [1]
    .data             inited   0x20000028    0x18  Oled.o [1]
    .data             inited   0x20000040     0x4  port.o [1]
    .data             inited   0x20000044     0x4  system_stm32f1xx.o [1]
    .data             inited   0x20000048     0xc  TaskRTC.o [1]
    .data             inited   0x20000054     0x8  XShttio.o [3]
    __DLIB_PERTHREAD  inited   0x2000005c    0x88  localeconv.o [3]
    __DLIB_PERTHREAD  inited   0x200000e4    0x74  setlocale.o [3]
    .data             inited   0x20000158     0x1  stm32f1xx_hal.o [1]
    .data             inited   0x20000159     0x1  TaskKeyboard.o [1]
    .data             inited   0x2000015a     0x1  TaskLed.o [1]
                             - 0x2000015b   0x15b

"P2", part 2 of 3:                          0x600
  CSTACK                       0x20000160   0x400  <Block>
    CSTACK            uninit   0x20000160   0x400  <Block tail>
  HEAP                         0x20000560   0x200  <Block>
    HEAP              uninit   0x20000560   0x200  <Block tail>
                             - 0x20000760   0x600

"P2", part 3 of 3:                         0x17f8
  .bss                zero     0x20000760  0x1000  heap_4.o [1]
  .bss                zero     0x20001760   0x400  u8g2_d_memory.o [1]
  .bss                zero     0x20001b60    0x8c  tasks.o [1]
  .bss                zero     0x20001bec    0x80  Oled.o [1]
  .bss                zero     0x20001c6c    0x54  I2C.o [1]
  .bss                zero     0x20001cc0    0x50  ADC.o [1]
  .bss                zero     0x20001d10    0x50  ADC.o [1]
  .bss                zero     0x20001d60    0x44  DMA.o [1]
  .bss                zero     0x20001da4    0x40  stm32f1xx_hal_timebase_TIM.o [1]
  .bss                zero     0x20001de4    0x30  ADC.o [1]
  .bss                zero     0x20001e14    0x30  ADC.o [1]
  .bss                zero     0x20001e44    0x20  Oled.o [1]
  .bss                zero     0x20001e64    0x14  tasks.o [1]
  .bss                zero     0x20001e78    0x14  tasks.o [1]
  .bss                zero     0x20001e8c    0x14  tasks.o [1]
  .bss                zero     0x20001ea0    0x14  tasks.o [1]
  .bss                zero     0x20001eb4    0x14  tasks.o [1]
  .bss                zero     0x20001ec8     0x8  heap_4.o [1]
  .bss                zero     0x20001ed0     0x8  xxmemxmalloc.o [3]
  .bss                zero     0x20001ed8     0x4  heap_4.o [1]
  .bss                zero     0x20001edc     0x4  heap_4.o [1]
  .bss                zero     0x20001ee0     0x4  heap_4.o [1]
  .bss                zero     0x20001ee4     0x4  heap_4.o [1]
  .bss                zero     0x20001ee8     0x4  main.o [1]
  .bss                zero     0x20001eec     0x4  main.o [1]
  .bss                zero     0x20001ef0     0x4  main.o [1]
  .bss                zero     0x20001ef4     0x4  main.o [1]
  .bss                zero     0x20001ef8     0x4  main.o [1]
  .bss                zero     0x20001efc     0x4  port.o [1]
  .bss                zero     0x20001f00     0x4  stm32f1xx_hal.o [1]
  .bss                zero     0x20001f04     0x4  TaskLed.o [1]
  .bss                zero     0x20001f08     0x4  TaskRTC.o [1]
  .bss                zero     0x20001f0c     0x4  TaskRTC.o [1]
  .bss                zero     0x20001f10     0x4  tasks.o [1]
  .bss                zero     0x20001f14     0x4  tasks.o [1]
  .bss                zero     0x20001f18     0x4  tasks.o [1]
  .bss                zero     0x20001f1c     0x4  tasks.o [1]
  .bss                zero     0x20001f20     0x4  tasks.o [1]
  .bss                zero     0x20001f24     0x4  tasks.o [1]
  .bss                zero     0x20001f28     0x4  tasks.o [1]
  .bss                zero     0x20001f2c     0x4  tasks.o [1]
  .bss                zero     0x20001f30     0x4  tasks.o [1]
  .bss                zero     0x20001f34     0x4  tasks.o [1]
  .bss                zero     0x20001f38     0x4  tasks.o [1]
  .bss                zero     0x20001f3c     0x4  tasks.o [1]
  .bss                zero     0x20001f40     0x4  tasks.o [1]
  .bss                zero     0x20001f44     0x4  tasks.o [1]
  .bss                zero     0x20001f48     0x4  tasks.o [1]
  .bss                zero     0x20001f4c     0x4  xgetmemchunk.o [3]
  .bss                zero     0x20001f50     0x1  ADC.o [1]
  .bss                zero     0x20001f51     0x1  Oled.o [1]
  .bss                zero     0x20001f52     0x1  port.o [1]
  .bss                zero     0x20001f53     0x1  TaskRTC.o [1]
  .bss                zero     0x20001f54     0x1  TaskRTC.o [1]
                             - 0x20001f55  0x17f5


*******************************************************************************
*** INIT TABLE
***

          Address     Size
          -------     ----
Zero (__iar_zero_init3)
    1 destination range, total size 0x17f5:
          0x20000760  0x17f5

Copy/packbits (__iar_packbits_init_single3)
    1 source range, total size 0x66 (29% of destination):
          0x0800a254    0x66
    1 destination range, total size 0x15b:
          0x20000000   0x15b



*******************************************************************************
*** MODULE SUMMARY
***

    Module                          ro code  ro data  rw data
    ------                          -------  -------  -------
C:\Users\Deo\Documents\GIT PROJECTS\Network-Analyzer\EWARM\NetworkAnalyzer\Obj: [1]
    ADC.o                               292       64      257
    DMA.o                               116                68
    GPIO.o                              148
    I2C.o                                96       64       84
    Menus.o                           1 112      115       40
    Oled.o                            2 116      103      185
    SysTime.o                           230       68
    TaskKeyboard.o                       12                 1
    TaskLed.o                           510        1        5
    TaskMeasure.o                        48
    TaskOled.o                           70
    TaskRTC.o                           466        3       22
    cmsis_os.o                          118
    heap_4.o                            640        4    4 120
    list.o                              158
    main.o                              214      136       20
    port.o                              420        1        9
    portasm.o                           136
    startup_stm32f103xb.o               416
    stm32f1xx_hal.o                      68                 5
    stm32f1xx_hal_adc.o               1 742
    stm32f1xx_hal_adc_ex.o              244
    stm32f1xx_hal_cortex.o              348
    stm32f1xx_hal_dma.o                 768
    stm32f1xx_hal_gpio.o                784
    stm32f1xx_hal_i2c.o               2 178
    stm32f1xx_hal_msp.o                 456       76
    stm32f1xx_hal_rcc.o               1 832       18
    stm32f1xx_hal_rcc_ex.o              580       18
    stm32f1xx_hal_tim.o                 588
    stm32f1xx_hal_tim_ex.o                6
    stm32f1xx_hal_timebase_TIM.o        144                64
    stm32f1xx_it.o                       60
    system_stm32f1xx.o                  104       26        4
    tasks.o                           1 992        8      300
    u8g2_box.o                          232
    u8g2_buffer.o                       190
    u8g2_d_memory.o                      16             1 024
    u8g2_d_setup.o                       72
    u8g2_font.o                       1 952
    u8g2_fonts.o                               7 940
    u8g2_hvline.o                       526
    u8g2_intersection.o                 136
    u8g2_line.o                         284
    u8g2_ll_hvline.o                    240
    u8g2_setup.o                        320        8
    u8x8_8x8.o                           36
    u8x8_byte.o                          76
    u8x8_cad.o                          428
    u8x8_d_ssd1306_128x64_noname.o      356      112
    u8x8_display.o                      232
    u8x8_gpio.o                          26
    u8x8_setup.o                        106
    ---------------------------------------------------------
    Total:                           24 440    8 765    6 208

command line: [2]
    ---------------------------------------------------------
    Total:

dl7M_tlf.a: [3]
    XShttio.o                             8        3        8
    div.o                                14
    exit.o                                4
    localeconv.o                        108       40      136
    low_level_init.o                      4
    setlocale.o                          20       34      116
    snprintf.o                           68
    xencoding_sb.o                       96
    xgetmemchunk.o                       44                 4
    xmbcurmax.o                          10
    xmbtowc.o                            32
    xprintffull.o                     4 454
    xsnprout.o                           26
    xtls.o                                2
    xwctomb.o                            26
    xxmemxfree.o                        128
    xxmemxmalloc.o                      176                 8
    ---------------------------------------------------------
    Total:                            5 220       77      272

m7M_tl.a: [4]
    DblAdd.o                            212
    DblCmpGe.o                           46
    DblCmpLe.o                           46
    DblDiv.o                            598
    DblMul.o                            418
    DblSub.o                            384
    DblToI32.o                           88
    I32ToDbl.o                           48
    xdnorm.o                             66
    xdscale.o                           268
    ---------------------------------------------------------
    Total:                            2 174

rt7M_tl.a: [5]
    ABImemcpy_unaligned.o               118
    ABImemset.o                         102
    I64DivMod.o                         238
    I64DivZer.o                           2
    cexit.o                              10
    cmain.o                              26
    cstartup_M.o                         12
    data_init.o                          40
    memchr.o                             88
    packbits_init_single.o               56
    strchr.o                             22
    strlen.o                             54
    zero_init3.o                         64
    ---------------------------------------------------------
    Total:                              832

shb_l.a: [6]
    exit.o                               20
    iarttio.o                            48
    ---------------------------------------------------------
    Total:                               68

    Gaps                                 48        2
    Linker created                                32    1 536
-------------------------------------------------------------
    Grand Total:                     32 782    8 876    8 016


*******************************************************************************
*** ENTRY LIST
***

Entry                      Address    Size  Type      Object
-----                      -------    ----  ----      ------
.iar.init_table$$Base   0x08009f50           --   Gb  - Linker created -
.iar.init_table$$Limit  0x08009f70           --   Gb  - Linker created -
?main                   0x08009f8d          Code  Gb  cmain.o [5]
ADCConvToDMA            0x08004e5d     0xe  Code  Gb  ADC.o [1]
ADCReadedValue          0x20001cc0    0x50  Data  Gb  ADC.o [1]
ADC_ConversionStop_Disable
                        0x08005bd1    0x4a  Code  Gb  stm32f1xx_hal_adc.o [1]
ADC_DMAConvCplt         0x08005c1d    0x52  Code  Gb  stm32f1xx_hal_adc.o [1]
ADC_DMAError            0x08005c81    0x1e  Code  Gb  stm32f1xx_hal_adc.o [1]
ADC_DMAHalfConvCplt     0x08005c71     0xe  Code  Gb  stm32f1xx_hal_adc.o [1]
ADC_Enable              0x08005b41    0x6e  Code  Gb  stm32f1xx_hal_adc.o [1]
AHBPrescTable           0x0800a0e0    0x10  Data  Gb  system_stm32f1xx.o [1]
APBPrescTable           0x0800a160     0x8  Data  Gb  system_stm32f1xx.o [1]
BarItem                 0x20000028    0x18  Data  Gb  Oled.o [1]
BusFault_Handler        0x08009e1b     0x2  Code  Gb  stm32f1xx_it.o [1]
CSTACK$$Base            0x20000160           --   Gb  - Linker created -
CSTACK$$Limit           0x20000560           --   Gb  - Linker created -
ChangeDate              0x08009375   0x140  Code  Gb  Menus.o [1]
ChangeDateTimeMenu      0x08009179    0xc2  Code  Gb  Menus.o [1]
ChangeTime              0x0800923b   0x13a  Code  Gb  Menus.o [1]
CheckOperation          0x080095c9    0x2e  Code  Gb  TaskOled.o [1]
ConversionEnd           0x20001f50     0x1  Data  Gb  ADC.o [1]
CreateTask              0x08004a3d    0x76  Code  Lc  main.o [1]
DMA1_Channel1_IRQHandler
                        0x08009e29    0x10  Code  Gb  stm32f1xx_it.o [1]
DMABuff                 0x20001d10    0x50  Data  Lc  ADC.o [1]
DMA_SetConfig           0x080049ed    0x2c  Code  Lc  stm32f1xx_hal_dma.o [1]
DaysPerMonth            0x20000048     0xc  Data  Gb  TaskRTC.o [1]
DebugMon_Handler        0x08009e1f     0x2  Code  Gb  stm32f1xx_it.o [1]
DelayMs                 0x08004c49    0x1e  Code  Gb  SysTime.o [1]
DelayUs                 0x08004c21    0x1c  Code  Gb  SysTime.o [1]
DrawArrow               0x08006bcb   0x1d0  Code  Gb  Oled.o [1]
DrawBottomBarInfo       0x08006e61   0x220  Code  Gb  Oled.o [1]
DrawMainScreenLoop      0x08006d9b    0x1e  Code  Gb  Oled.o [1]
DrawMenuLoop            0x08007179   0x136  Code  Gb  Oled.o [1]
DrawTimeDateChangeLoop  0x08007081    0xf8  Code  Gb  Oled.o [1]
DrawTopInfoBar          0x08006db9    0xa8  Code  Gb  Oled.o [1]
GesLed                  0x08009735    0xc4  Code  Gb  TaskLed.o [1]
GlobalDate              0x20001f0c     0x4  Data  Gb  TaskRTC.o [1]
GlobalTime              0x20001f08     0x4  Data  Gb  TaskRTC.o [1]
HAL_ADCEx_Calibration_Start
                        0x08005ca1    0xec  Code  Gb  stm32f1xx_hal_adc_ex.o [1]
HAL_ADCEx_InjectedConvCpltCallback
                        0x08005d8d     0x2  Code  Wk  stm32f1xx_hal_adc_ex.o [1]
HAL_ADC_ConfigChannel   0x080059f7   0x14a  Code  Gb  stm32f1xx_hal_adc.o [1]
HAL_ADC_ConvCpltCallback
                        0x08004e41    0x1c  Code  Gb  ADC.o [1]
HAL_ADC_ConvHalfCpltCallback
                        0x080059f1     0x2  Code  Wk  stm32f1xx_hal_adc.o [1]
HAL_ADC_ErrorCallback   0x080059f5     0x2  Code  Wk  stm32f1xx_hal_adc.o [1]
HAL_ADC_IRQHandler      0x080058eb   0x106  Code  Gb  stm32f1xx_hal_adc.o [1]
HAL_ADC_Init            0x080055d1   0x148  Code  Gb  stm32f1xx_hal_adc.o [1]
HAL_ADC_LevelOutOfWindowCallback
                        0x080059f3     0x2  Code  Wk  stm32f1xx_hal_adc.o [1]
HAL_ADC_MspInit         0x08003a19    0xbc  Code  Gb  stm32f1xx_hal_msp.o [1]
HAL_ADC_Start_DMA       0x08005719   0x170  Code  Gb  stm32f1xx_hal_adc.o [1]
HAL_ADC_Stop_DMA        0x08005889    0x62  Code  Gb  stm32f1xx_hal_adc.o [1]
HAL_DMA_Abort           0x08004829    0x36  Code  Gb  stm32f1xx_hal_dma.o [1]
HAL_DMA_IRQHandler      0x0800485f   0x16a  Code  Gb  stm32f1xx_hal_dma.o [1]
HAL_DMA_Init            0x08004719    0x78  Code  Gb  stm32f1xx_hal_dma.o [1]
HAL_DMA_Start_IT        0x08004791    0x98  Code  Gb  stm32f1xx_hal_dma.o [1]
HAL_GPIO_Init           0x08004409   0x2ba  Code  Gb  stm32f1xx_hal_gpio.o [1]
HAL_GPIO_WritePin       0x080046c3    0x14  Code  Gb  stm32f1xx_hal_gpio.o [1]
HAL_GetTick             0x0800429b     0x6  Code  Wk  stm32f1xx_hal.o [1]
HAL_I2C_Init            0x080030f5   0x188  Code  Gb  stm32f1xx_hal_i2c.o [1]
HAL_I2C_Master_Transmit
                        0x0800327d   0x188  Code  Gb  stm32f1xx_hal_i2c.o [1]
HAL_I2C_Mem_Write       0x0800341d   0x18e  Code  Gb  stm32f1xx_hal_i2c.o [1]
HAL_I2C_MspInit         0x08003ad5    0x3e  Code  Gb  stm32f1xx_hal_msp.o [1]
HAL_IncTick             0x0800428b    0x10  Code  Wk  stm32f1xx_hal.o [1]
HAL_Init                0x08004269    0x22  Code  Gb  stm32f1xx_hal.o [1]
HAL_InitTick            0x08004af1    0x80  Code  Gb  stm32f1xx_hal_timebase_TIM.o [1]
HAL_MspInit             0x08003979    0xa0  Code  Gb  stm32f1xx_hal_msp.o [1]
HAL_NVIC_EnableIRQ      0x080043af     0xe  Code  Gb  stm32f1xx_hal_cortex.o [1]
HAL_NVIC_SetPriority    0x08004389    0x26  Code  Gb  stm32f1xx_hal_cortex.o [1]
HAL_NVIC_SetPriorityGrouping
                        0x0800437d     0xc  Code  Gb  stm32f1xx_hal_cortex.o [1]
HAL_RCCEx_GetPeriphCLKFreq
                        0x08005499   0x10a  Code  Gb  stm32f1xx_hal_rcc_ex.o [1]
HAL_RCCEx_PeriphCLKConfig
                        0x0800538d   0x10c  Code  Gb  stm32f1xx_hal_rcc_ex.o [1]
HAL_RCC_ClockConfig     0x08003f97   0x184  Code  Gb  stm32f1xx_hal_rcc.o [1]
HAL_RCC_GetClockConfig  0x080041c5    0x3a  Code  Gb  stm32f1xx_hal_rcc.o [1]
HAL_RCC_GetHCLKFreq     0x08004193     0x6  Code  Gb  stm32f1xx_hal_rcc.o [1]
HAL_RCC_GetPCLK1Freq    0x08004199    0x16  Code  Gb  stm32f1xx_hal_rcc.o [1]
HAL_RCC_GetPCLK2Freq    0x080041af    0x16  Code  Gb  stm32f1xx_hal_rcc.o [1]
HAL_RCC_GetSysClockFreq
                        0x0800411b    0x78  Code  Gb  stm32f1xx_hal_rcc.o [1]
HAL_RCC_OscConfig       0x08003b41   0x456  Code  Gb  stm32f1xx_hal_rcc.o [1]
HAL_SYSTICK_CLKSourceConfig
                        0x080043c9    0x20  Code  Gb  stm32f1xx_hal_cortex.o [1]
HAL_SYSTICK_Config      0x080043bd     0xc  Code  Gb  stm32f1xx_hal_cortex.o [1]
HAL_TIMEx_BreakCallback
                        0x08006703     0x2  Code  Wk  stm32f1xx_hal_tim_ex.o [1]
HAL_TIMEx_CommutationCallback
                        0x08006701     0x2  Code  Wk  stm32f1xx_hal_tim_ex.o [1]
HAL_TIM_Base_Init       0x08005141    0x38  Code  Gb  stm32f1xx_hal_tim.o [1]
HAL_TIM_Base_MspInit    0x08005179     0x2  Code  Wk  stm32f1xx_hal_tim.o [1]
HAL_TIM_Base_Start_IT   0x0800517b    0x1e  Code  Gb  stm32f1xx_hal_tim.o [1]
HAL_TIM_IC_CaptureCallback
                        0x08005311     0x2  Code  Wk  stm32f1xx_hal_tim.o [1]
HAL_TIM_IRQHandler      0x08005199   0x176  Code  Gb  stm32f1xx_hal_tim.o [1]
HAL_TIM_OC_DelayElapsedCallback
                        0x0800530f     0x2  Code  Wk  stm32f1xx_hal_tim.o [1]
HAL_TIM_PWM_PulseFinishedCallback
                        0x08005313     0x2  Code  Wk  stm32f1xx_hal_tim.o [1]
HAL_TIM_PeriodElapsedCallback
                        0x08004c0f    0x12  Code  Gb  SysTime.o [1]
HAL_TIM_TriggerCallback
                        0x08005315     0x2  Code  Wk  stm32f1xx_hal_tim.o [1]
HEAP$$Base              0x20000560           --   Gb  - Linker created -
HEAP$$Limit             0x20000760           --   Gb  - Linker created -
HalfSecondTick          0x20001f53     0x1  Data  Gb  TaskRTC.o [1]
HardFault_Handler       0x08009e17     0x2  Code  Gb  stm32f1xx_it.o [1]
I2C_IsAcknowledgeFailed
                        0x08003949    0x2e  Code  Lc  stm32f1xx_hal_i2c.o [1]
I2C_MasterRequestWrite  0x080035b5    0xd0  Code  Lc  stm32f1xx_hal_i2c.o [1]
I2C_RequestMemoryWrite  0x08003685    0xec  Code  Lc  stm32f1xx_hal_i2c.o [1]
I2C_WaitOnBTFFlagUntilTimeout
                        0x080038f7    0x52  Code  Lc  stm32f1xx_hal_i2c.o [1]
I2C_WaitOnFlagUntilTimeout
                        0x0800377d    0x88  Code  Lc  stm32f1xx_hal_i2c.o [1]
I2C_WaitOnMasterAddressFlagUntilTimeout
                        0x08003805    0xa0  Code  Lc  stm32f1xx_hal_i2c.o [1]
I2C_WaitOnTXEFlagUntilTimeout
                        0x080038a5    0x52  Code  Lc  stm32f1xx_hal_i2c.o [1]
KeyboardHandle          0x20001eec     0x4  Data  Gb  main.o [1]
LastButtonPressed       0x20000159     0x1  Data  Gb  TaskKeyboard.o [1]
LedConf                 0x2000015a     0x1  Data  Gb  TaskLed.o [1]
LedCtrl                 0x08009171     0x4  Code  Gb  Menus.o [1]
LedFlag                 0x20001f04     0x4  Data  Gb  TaskLed.o [1]
LedHandle               0x20001ef4     0x4  Data  Gb  main.o [1]
LoadInt                 0x0800073b    0x6e  Code  Lc  xprintffull.o [3]
MX_ADC1_Init            0x08004d71    0x68  Code  Gb  ADC.o [1]
MX_ADC2_Init            0x08004dd9    0x68  Code  Gb  ADC.o [1]
MX_DMA_Init             0x08004cfd    0x74  Code  Gb  DMA.o [1]
MX_GPIO_Init            0x08004c69    0x94  Code  Gb  GPIO.o [1]
MX_I2C1_Init            0x08004e95    0x60  Code  Gb  I2C.o [1]
MainMenu                0x080094b5    0xb4  Code  Gb  Menus.o [1]
MainScreen              0x08009569    0x38  Code  Gb  Menus.o [1]
MainSetupMenu           0x20000000    0x18  Data  Gb  Menus.o [1]
MeasureHandle           0x20001ef0     0x4  Data  Gb  main.o [1]
MemManage_Handler       0x08009e19     0x2  Code  Gb  stm32f1xx_it.o [1]
NMI_Handler             0x08009e15     0x2  Code  Gb  stm32f1xx_it.o [1]
NVIC_EnableIRQ          0x080042d5    0x14  Code  Lc  stm32f1xx_hal_cortex.o [1]
NVIC_EncodePriority     0x0800430f    0x3e  Code  Lc  stm32f1xx_hal_cortex.o [1]
NVIC_GetPriorityGrouping
                        0x080042cb     0xa  Code  Lc  stm32f1xx_hal_cortex.o [1]
NVIC_SetPriority        0x080042e9    0x26  Code  Lc  stm32f1xx_hal_cortex.o [1]
NVIC_SetPriorityGrouping
                        0x080042ad    0x1e  Code  Lc  stm32f1xx_hal_cortex.o [1]
OledHandle              0x20001ee8     0x4  Data  Gb  main.o [1]
OledInit                0x08006ba1    0x2a  Code  Gb  Oled.o [1]
ParameterSetup          0x08009175     0x4  Code  Gb  Menus.o [1]
PendSV_Handler          0x08006a29          Code  Gb  portasm.o [1]
RCC_Delay               0x080041ff    0x26  Code  Lc  stm32f1xx_hal_rcc.o [1]
RTCHandle               0x20001ef8     0x4  Data  Gb  main.o [1]
Region$$Table$$Base     0x08009f50           --   Gb  - Linker created -
Region$$Table$$Limit    0x08009f70           --   Gb  - Linker created -
SVC_Handler             0x08006a6f          Code  Gb  portasm.o [1]
SetChangedDate          0x08005099    0x22  Code  Gb  TaskRTC.o [1]
SetChangedTime          0x08005083    0x16  Code  Gb  TaskRTC.o [1]
SetInitialGlobalTimeDate
                        0x08005063    0x20  Code  Gb  TaskRTC.o [1]
SettingTimeDate         0x20001f54     0x1  Data  Gb  TaskRTC.o [1]
Setup                   0x08004a19    0x24  Code  Lc  main.o [1]
StopADC_DMA_Conv        0x08004e6b     0xa  Code  Gb  ADC.o [1]
SysTick_Config          0x0800434d    0x30  Code  Lc  stm32f1xx_hal_cortex.o [1]
SysTick_Handler         0x08009e21     0x8  Code  Gb  stm32f1xx_it.o [1]
SystemClock_Config      0x08004b81    0x8e  Code  Gb  SysTime.o [1]
SystemCoreClock         0x20000044     0x4  Data  Gb  system_stm32f1xx.o [1]
SystemInit              0x08009c5d    0x4e  Code  Gb  system_stm32f1xx.o [1]
TIM1_UP_IRQHandler      0x08009e39     0xa  Code  Gb  stm32f1xx_it.o [1]
TIM_Base_SetConfig      0x08005317    0x68  Code  Gb  stm32f1xx_hal_tim.o [1]
TaskKeyboard            0x0800a119     0xc  Code  Gb  TaskKeyboard.o [1]
TaskLed                 0x08009805     0xa  Code  Gb  TaskLed.o [1]
TaskMeasure             0x08009ec1    0x30  Code  Gb  TaskMeasure.o [1]
TaskOled                0x08009601     0xe  Code  Gb  TaskOled.o [1]
TaskRTC                 0x080050bb     0xc  Code  Gb  TaskRTC.o [1]
TimeSetting             0x20000018    0x10  Data  Gb  Menus.o [1]
TurnOffLed              0x08009611    0x92  Code  Lc  TaskLed.o [1]
TurnOnLed               0x080096a3    0x92  Code  Lc  TaskLed.o [1]
UsageFault_Handler      0x08009e1d     0x2  Code  Gb  stm32f1xx_it.o [1]
_EncodingSb_Mbtowc      0x08001e4f    0x30  Code  Gb  xencoding_sb.o [3]
_EncodingSb_Wctomb      0x08001e35    0x1a  Code  Gb  xencoding_sb.o [3]
_Error_Handler          0x08004aed     0x2  Code  Gb  main.o [1]
_GenldFull              0x08000fbf   0x24c  Code  Lc  xprintffull.o [3]
_IsdstStr               0x200000e8     0x4  Data  Gb  setlocale.o [3]
_LdtobFull              0x08000bbd   0x3fc  Code  Lc  xprintffull.o [3]
_LitobFull              0x08000ab5   0x106  Code  Lc  xprintffull.o [3]
_LocaleEncoding         0x08001e21     0xe  Code  Gb  setlocale.o [3]
_LocaleReturnString     0x20000108    0x50  Data  Lc  setlocale.o [3]
_Locale_Profile         0x200000ec    0x1c  Data  Gb  setlocale.o [3]
_Locale_aeabi_lconv     0x200000ac    0x38  Data  Gb  localeconv.o [3]
_Locale_lconv           0x2000005c    0x50  Data  Gb  localeconv.o [3]
_Mbtowc                 0x08001253    0x20  Code  Gb  xmbtowc.o [3]
_PrintfFull             0x080000ed   0x638  Code  Gb  xprintffull.o [3]
_PutcharsFull           0x0800120b    0x2e  Code  Lc  xprintffull.o [3]
_PutstrFull             0x080007a9   0x306  Code  Lc  xprintffull.o [3]
_SNProut                0x08001273    0x1a  Code  Gb  xsnprout.o [3]
_TzoneStr               0x200000e4     0x4  Data  Gb  setlocale.o [3]
_Wctomb                 0x080013f1    0x1a  Code  Gb  xwctomb.o [3]
__aeabi_cdcmple         0x08001635          Code  Gb  DblCmpLe.o [4]
__aeabi_cdrcmple        0x08001665          Code  Gb  DblCmpGe.o [4]
__aeabi_d2iz            0x080017a1          Code  Gb  DblToI32.o [4]
__aeabi_d2uiz           0x080017cd          Code  Gb  DblToI32.o [4]
__aeabi_ddiv            0x08001b4d          Code  Gb  DblDiv.o [4]
__aeabi_dmul            0x080019a9          Code  Gb  DblMul.o [4]
__aeabi_dsub            0x08001829          Code  Gb  DblSub.o [4]
__aeabi_i2d             0x080017f9          Code  Gb  I32ToDbl.o [4]
__aeabi_ldiv0           0x08001ec1          Code  Gb  I64DivZer.o [5]
__aeabi_memset          0x080082b1          Code  Gb  ABImemset.o [5]
__aeabi_ui2d            0x0800180d          Code  Gb  I32ToDbl.o [4]
__aeabi_uldivmod        0x08001505          Code  Gb  I64DivMod.o [5]
__cmain                 0x08009f8d          Code  Gb  cmain.o [5]
__data_Aldata           0x20001ed0     0x8  Data  Gb  xxmemxmalloc.o [3]
__data_GetMemChunk      0x08001e95    0x2c  Code  Gb  xgetmemchunk.o [3]
__exit                  0x08009fbd    0x14  Code  Gb  exit.o [6]
__iar_Dnorm             0x080015f3    0x42  Code  Gb  xdnorm.o [4]
__iar_Dscale            0x08001695   0x10c  Code  Gb  xdscale.o [4]
__iar_Locale_lconv_init
                        0x08001da5    0x3a  Code  Gb  localeconv.o [3]
__iar_Mbcurmax          0x08001335     0xa  Code  Gb  xmbcurmax.o [3]
__iar_Memchr            0x080012dd          Code  Gb  memchr.o [5]
__iar_Memset            0x080082b1          Code  Gb  ABImemset.o [5]
__iar_Memset_word       0x080082b9          Code  Gb  ABImemset.o [5]
__iar_Strchr            0x0800128d          Code  Gb  strchr.o [5]
__iar_close_ttio        0x08009ef1    0x2e  Code  Gb  iarttio.o [6]
__iar_d2uiz             0x080017d9          Code  Gb  DblToI32.o [4]
__iar_dadd              0x08001ec5          Code  Gb  DblAdd.o [4]
__iar_data_init3        0x08009f29    0x28  Code  Gb  data_init.o [5]
__iar_dlib_perthread_access
                        0x08001f99     0x2  Code  Gb  xtls.o [3]
__iar_dsub              0x0800183d          Code  Gb  DblSub.o [4]
__iar_dsubStart         0x0800184f          Code  Gb  DblSub.o [4]
__iar_lookup_ttioh      0x08009f21     0x8  Code  Gb  XShttio.o [3]
__iar_packbits_init_single3
                        0x08009e89    0x38  Code  Gb  packbits_init_single.o [5]
__iar_program_start     0x0800a125          Code  Gb  cstartup_M.o [5]
__iar_ttio_handles      0x20000054     0x8  Data  Lc  XShttio.o [3]
__iar_ui2d              0x08001811          Code  Gb  I32ToDbl.o [4]
__iar_unaligned___aeabi_memcpy
                        0x0800140d          Code  Gb  ABImemcpy_unaligned.o [5]
__iar_unaligned___aeabi_memcpy4
                        0x0800142d          Code  Gb  ABImemcpy_unaligned.o [5]
__iar_unaligned___aeabi_memcpy8
                        0x0800142d          Code  Gb  ABImemcpy_unaligned.o [5]
__iar_zero_init3        0x08009dd5    0x40  Code  Gb  zero_init3.o [5]
__low_level_init        0x08009fa7     0x4  Code  Gb  low_level_init.o [3]
__vector_table          0x08000000          Data  Gb  startup_stm32f103xb.o [1]
_call_main              0x08009f99          Code  Gb  cmain.o [5]
_exit                   0x08009fb1          Code  Gb  cexit.o [5]
_main                   0x08009fa3          Code  Gb  cmain.o [5]
bin2bcd                 0x08005023    0x1c  Code  Gb  TaskRTC.o [1]
check_min_max           0x0800503f    0x24  Code  Gb  TaskRTC.o [1]
div                     0x08001e11     0xe  Code  Gb  div.o [3]
ds1307_set_day          0x08004f95    0x24  Code  Gb  TaskRTC.o [1]
ds1307_set_hours_24     0x08004f71    0x24  Code  Gb  TaskRTC.o [1]
ds1307_set_minutes      0x08004f4d    0x24  Code  Gb  TaskRTC.o [1]
ds1307_set_month        0x08004fb9    0x24  Code  Gb  TaskRTC.o [1]
ds1307_set_seconds      0x08004f29    0x24  Code  Gb  TaskRTC.o [1]
ds1307_set_time_24      0x08005001    0x22  Code  Gb  TaskRTC.o [1]
ds1307_set_year         0x08004fdd    0x24  Code  Gb  TaskRTC.o [1]
exit                    0x08009fab     0x4  Code  Gb  exit.o [3]
free                    0x08001485    0x7a  Code  Gb  xxmemxfree.o [3]
hadc1                   0x20001de4    0x30  Data  Gb  ADC.o [1]
hadc2                   0x20001e14    0x30  Data  Gb  ADC.o [1]
hdma_adc1               0x20001d60    0x44  Data  Gb  DMA.o [1]
hi2c1                   0x20001c6c    0x54  Data  Gb  I2C.o [1]
htim1                   0x20001da4    0x40  Data  Gb  stm32f1xx_hal_timebase_TIM.o [1]
i2c_STM32F103_HAL       0x08006b15    0x8c  Code  Lc  Oled.o [1]
i2c_write_with_reg      0x08004ef5    0x2e  Code  Lc  TaskRTC.o [1]
localeconv              0x08001ddf    0x16  Code  Gb  localeconv.o [3]
main                    0x08004add    0x10  Code  Gb  main.o [1]
makeFreeRtosPriority    0x080050c9    0x12  Code  Lc  cmsis_os.o [1]
malloc                  0x08001341    0xac  Code  Gb  xxmemxmalloc.o [3]
memchr                  0x080012dd          Code  Gb  memchr.o [5]
osDelay                 0x08005113    0x1c  Code  Gb  cmsis_os.o [1]
osKernelStart           0x080050db     0xa  Code  Gb  cmsis_os.o [1]
osSystickHandler        0x0800512f    0x10  Code  Gb  cmsis_os.o [1]
osThreadCreate          0x080050e5    0x2e  Code  Gb  cmsis_os.o [1]
prvAddCurrentTaskToDelayedList
                        0x08006499    0x82  Code  Lc  tasks.o [1]
prvAddNewTaskToReadyList
                        0x08005ee1    0xb8  Code  Lc  tasks.o [1]
prvCheckTasksWaitingTermination
                        0x08006399    0x66  Code  Lc  tasks.o [1]
prvDeleteTCB            0x080063ff    0x12  Code  Lc  tasks.o [1]
prvHeapInit             0x08006899    0x6e  Code  Lc  heap_4.o [1]
prvIdleTask             0x08006315    0x24  Code  Lc  tasks.o [1]
prvInitialiseNewTask    0x08005e19    0xc8  Code  Lc  tasks.o [1]
prvInitialiseTaskLists  0x0800633d    0x54  Code  Lc  tasks.o [1]
prvInsertBlockIntoFreeList
                        0x08006907    0x62  Code  Lc  heap_4.o [1]
prvResetNextTaskUnblockTime
                        0x08006411    0x2e  Code  Lc  tasks.o [1]
prvTaskExitError        0x0800657d    0x2a  Code  Lc  port.o [1]
pvPortMalloc            0x08006709   0x118  Code  Gb  heap_4.o [1]
pxCurrentTCB            0x20001f10     0x4  Data  Gb  tasks.o [1]
pxDelayedTaskList       0x20001f14     0x4  Data  Lc  tasks.o [1]
pxEnd                   0x20001ed8     0x4  Data  Lc  heap_4.o [1]
pxOverflowDelayedTaskList
                        0x20001f18     0x4  Data  Lc  tasks.o [1]
pxPortInitialiseStack   0x0800655d    0x20  Code  Gb  port.o [1]
pxReadyTasksLists       0x20001b60    0x8c  Data  Lc  tasks.o [1]
snprintf                0x08007601    0x44  Code  Gb  snprintf.o [3]
strchr                  0x0800128d          Code  Gb  strchr.o [5]
strlen                  0x080012a5          Code  Gb  strlen.o [5]
u8g                     0x20001bec    0x80  Data  Gb  Oled.o [1]
u8g2_ClearBuffer        0x08007541    0x22  Code  Gb  u8g2_buffer.o [1]
u8g2_DrawBox            0x08007de5    0x54  Code  Gb  u8g2_box.o [1]
u8g2_DrawFrame          0x08007e39    0x94  Code  Gb  u8g2_box.o [1]
u8g2_DrawGlyph          0x08007b9b    0x60  Code  Gb  u8g2_font.o [1]
u8g2_DrawHVLine         0x0800822d    0x3c  Code  Gb  u8g2_hvline.o [1]
u8g2_DrawLine           0x08007425   0x11c  Code  Gb  u8g2_line.o [1]
u8g2_DrawPixel          0x08008269    0x48  Code  Gb  u8g2_hvline.o [1]
u8g2_DrawStr            0x08007c83    0x22  Code  Gb  u8g2_font.o [1]
u8g2_GetGlyphWidth      0x08007b4f    0x4c  Code  Gb  u8g2_font.o [1]
u8g2_GetStrWidth        0x08007dc7    0x14  Code  Gb  u8g2_font.o [1]
u8g2_IsIntersection     0x0800835d    0x42  Code  Gb  u8g2_intersection.o [1]
u8g2_SendBuffer         0x080075ed    0x12  Code  Gb  u8g2_buffer.o [1]
u8g2_SetFont            0x08007d37    0x20  Code  Gb  u8g2_font.o [1]
u8g2_SetFontPosBaseline
                        0x08007d31     0x6  Code  Gb  u8g2_font.o [1]
u8g2_SetupBuffer        0x08007f49    0x56  Code  Gb  u8g2_setup.o [1]
u8g2_Setup_ssd1306_i2c_128x64_noname_f
                        0x080072f5    0x3c  Code  Gb  u8g2_d_setup.o [1]
u8g2_UpdateRefHeight    0x08007ca5    0x86  Code  Gb  u8g2_font.o [1]
u8g2_add_vector_x       0x080077b3    0x20  Code  Lc  u8g2_font.o [1]
u8g2_add_vector_y       0x08007793    0x20  Code  Lc  u8g2_font.o [1]
u8g2_cb_r0              0x0800a170     0x8  Data  Gb  u8g2_setup.o [1]
u8g2_clip_intersection  0x080080a3    0x4c  Code  Lc  u8g2_hvline.o [1]
u8g2_draw_hv_line_2dir  0x080080ef    0xb0  Code  Lc  u8g2_hvline.o [1]
u8g2_draw_hv_line_4dir  0x0800819f    0x8e  Code  Gb  u8g2_hvline.o [1]
u8g2_draw_l90_r0        0x0800805d    0x2c  Code  Gb  u8g2_setup.o [1]
u8g2_draw_string        0x08007bfb    0x88  Code  Lc  u8g2_font.o [1]
u8g2_font_4x6_tf        0x08008ba8   0x5c8  Data  Gb  u8g2_fonts.o [1]
u8g2_font_6x10_tf       0x080083c4   0x7e4  Data  Gb  u8g2_fonts.o [1]
u8g2_font_6x13B_tf      0x08001f9c   0x8d4  Data  Gb  u8g2_fonts.o [1]
u8g2_font_6x13_tf       0x08002870   0x884  Data  Gb  u8g2_fonts.o [1]
u8g2_font_calc_vref_font
                        0x08007d2b     0x6  Code  Gb  u8g2_font.o [1]
u8g2_font_decode_get_signed_bits
                        0x08007771    0x22  Code  Gb  u8g2_font.o [1]
u8g2_font_decode_get_unsigned_bits
                        0x08007733    0x3e  Code  Gb  u8g2_font.o [1]
u8g2_font_decode_glyph  0x080078fd   0x176  Code  Gb  u8g2_font.o [1]
u8g2_font_decode_len    0x080077d3    0xec  Code  Gb  u8g2_font.o [1]
u8g2_font_draw_glyph    0x08007b13    0x3c  Code  Lc  u8g2_font.o [1]
u8g2_font_get_byte      0x08007645     0x8  Code  Lc  u8g2_font.o [1]
u8g2_font_get_glyph_data
                        0x08007a73    0xa0  Code  Gb  u8g2_font.o [1]
u8g2_font_get_word      0x0800764d    0x16  Code  Lc  u8g2_font.o [1]
u8g2_font_setup_decode  0x080078bf    0x3e  Code  Lc  u8g2_font.o [1]
u8g2_is_intersection_decision_tree
                        0x08008317    0x46  Code  Gb  u8g2_intersection.o [1]
u8g2_ll_hvline_vertical_top_lsb
                        0x08009b6d    0xf0  Code  Gb  u8g2_ll_hvline.o [1]
u8g2_m_16_8_f           0x08007f39     0xc  Code  Gb  u8g2_d_memory.o [1]
u8g2_read_font_info     0x08007663    0xd0  Code  Gb  u8g2_font.o [1]
u8g2_send_buffer        0x080075a9    0x44  Code  Lc  u8g2_buffer.o [1]
u8g2_send_tile_row      0x08007563    0x46  Code  Lc  u8g2_buffer.o [1]
u8g2_string_width       0x08007d57    0x70  Code  Lc  u8g2_font.o [1]
u8g2_update_dimension_common
                        0x08007f9f    0x94  Code  Lc  u8g2_setup.o [1]
u8g2_update_dimension_r0
                        0x08008033    0x2a  Code  Gb  u8g2_setup.o [1]
u8x8_DrawTile           0x080073a7    0x32  Code  Gb  u8x8_display.o [1]
u8x8_InitDisplay        0x080073eb    0x12  Code  Gb  u8x8_display.o [1]
u8x8_RefreshDisplay     0x08007413    0x12  Code  Gb  u8x8_display.o [1]
u8x8_SetPowerSave       0x080073fd    0x16  Code  Gb  u8x8_display.o [1]
u8x8_Setup              0x08007f0d    0x2a  Code  Gb  u8x8_setup.o [1]
u8x8_SetupDefaults      0x08007ed7    0x32  Code  Gb  u8x8_setup.o [1]
u8x8_SetupMemory        0x080073d9    0x12  Code  Gb  u8x8_display.o [1]
u8x8_ascii_next         0x080083a9    0x1c  Code  Gb  u8x8_8x8.o [1]
u8x8_byte_EndTransfer   0x080099f7    0x12  Code  Gb  u8x8_byte.o [1]
u8x8_byte_SendByte      0x080099d5    0x10  Code  Gb  u8x8_byte.o [1]
u8x8_byte_SendBytes     0x080099bd    0x18  Code  Gb  u8x8_byte.o [1]
u8x8_byte_StartTransfer
                        0x080099e5    0x12  Code  Gb  u8x8_byte.o [1]
u8x8_cad_EndTransfer    0x08009867    0x12  Code  Gb  u8x8_cad.o [1]
u8x8_cad_SendArg        0x08009827    0x16  Code  Gb  u8x8_cad.o [1]
u8x8_cad_SendCmd        0x08009811    0x16  Code  Gb  u8x8_cad.o [1]
u8x8_cad_SendData       0x0800983d    0x18  Code  Gb  u8x8_cad.o [1]
u8x8_cad_SendSequence   0x08009879    0x7c  Code  Gb  u8x8_cad.o [1]
u8x8_cad_StartTransfer  0x08009855    0x12  Code  Gb  u8x8_cad.o [1]
u8x8_cad_ssd13xx_i2c    0x08009921    0x9c  Code  Gb  u8x8_cad.o [1]
u8x8_d_helper_display_init
                        0x08007347    0x60  Code  Gb  u8x8_display.o [1]
u8x8_d_helper_display_setup_memory
                        0x0800733d     0xa  Code  Gb  u8x8_display.o [1]
u8x8_d_ssd1306_128x64_noname
                        0x08009b05    0x50  Code  Gb  u8x8_d_ssd1306_128x64_noname.o [1]
u8x8_d_ssd1306_128x64_noname_flip0_seq
                        0x0800a188     0x8  Data  Lc  u8x8_d_ssd1306_128x64_noname.o [1]
u8x8_d_ssd1306_128x64_noname_flip1_seq
                        0x0800a190     0x8  Data  Lc  u8x8_d_ssd1306_128x64_noname.o [1]
u8x8_d_ssd1306_128x64_noname_init_seq
                        0x08009e50    0x38  Data  Lc  u8x8_d_ssd1306_128x64_noname.o [1]
u8x8_d_ssd1306_128x64_noname_powersave0_seq
                        0x0800a178     0x8  Data  Lc  u8x8_d_ssd1306_128x64_noname.o [1]
u8x8_d_ssd1306_128x64_noname_powersave1_seq
                        0x0800a180     0x8  Data  Lc  u8x8_d_ssd1306_128x64_noname.o [1]
u8x8_d_ssd1306_sh1106_generic
                        0x08009a09    0xfc  Code  Lc  u8x8_d_ssd1306_128x64_noname.o [1]
u8x8_dummy_cb           0x08007ecd     0xa  Code  Gb  u8x8_setup.o [1]
u8x8_gpio_and_delay_STM32F103
                        0x08006ab1    0x64  Code  Lc  Oled.o [1]
u8x8_gpio_call          0x08008089    0x1a  Code  Gb  u8x8_gpio.o [1]
u8x8_i2c_data_transfer  0x080098f5    0x2c  Code  Lc  u8x8_cad.o [1]
u8x8_ssd1306_128x64_noname_display_info
                        0x08009fd0    0x18  Data  Lc  u8x8_d_ssd1306_128x64_noname.o [1]
u8x8_utf8_init          0x080083a1     0x8  Code  Gb  u8x8_8x8.o [1]
ucHeap                  0x20000760  0x1000  Data  Lc  heap_4.o [1]
ucMaxSysCallPriority    0x20001f52     0x1  Data  Lc  port.o [1]
ulMaxPRIGROUPValue      0x20001efc     0x4  Data  Lc  port.o [1]
uwTick                  0x20001f00     0x4  Data  Gb  stm32f1xx_hal.o [1]
uwTickFreq              0x20000158     0x1  Data  Gb  stm32f1xx_hal.o [1]
uxCriticalNesting       0x20000040     0x4  Data  Lc  port.o [1]
uxCurrentNumberOfTasks  0x20001f20     0x4  Data  Lc  tasks.o [1]
uxDeletedTasksWaitingCleanUp
                        0x20001f1c     0x4  Data  Lc  tasks.o [1]
uxListRemove            0x080069ff    0x28  Code  Gb  list.o [1]
uxPendedTicks           0x20001f30     0x4  Data  Lc  tasks.o [1]
uxSchedulerSuspended    0x20001f48     0x4  Data  Lc  tasks.o [1]
uxTaskNumber            0x20001f3c     0x4  Data  Lc  tasks.o [1]
uxTopReadyPriority      0x20001f28     0x4  Data  Lc  tasks.o [1]
vListInitialise         0x08006989    0x1e  Code  Gb  list.o [1]
vListInitialiseItem     0x080069a7     0x6  Code  Gb  list.o [1]
vListInsert             0x080069c5    0x3a  Code  Gb  list.o [1]
vListInsertEnd          0x080069ad    0x18  Code  Gb  list.o [1]
vPortEnterCritical      0x0800662f    0x3a  Code  Gb  port.o [1]
vPortExitCritical       0x08006669    0x32  Code  Gb  port.o [1]
vPortFree               0x08006821    0x78  Code  Gb  heap_4.o [1]
vPortSetupTimerInterrupt
                        0x080066c3    0x1a  Code  Wk  port.o [1]
vPortStartFirstTask     0x08006a8f          Code  Gb  portasm.o [1]
vTaskDelay              0x08005f99    0x4e  Code  Gb  tasks.o [1]
vTaskStartScheduler     0x08005fe7    0x68  Code  Gb  tasks.o [1]
vTaskSuspendAll         0x0800604f    0x10  Code  Gb  tasks.o [1]
vTaskSwitchContext      0x08006291    0x72  Code  Gb  tasks.o [1]
xBlockAllocatedBit      0x20001ee4     0x4  Data  Lc  heap_4.o [1]
xDelayedTaskList1       0x20001e64    0x14  Data  Lc  tasks.o [1]
xDelayedTaskList2       0x20001e78    0x14  Data  Lc  tasks.o [1]
xFreeBytesRemaining     0x20001edc     0x4  Data  Lc  heap_4.o [1]
xHeapStructSize         0x0800a198     0x4  Data  Lc  heap_4.o [1]
xIdleTaskHandle         0x20001f44     0x4  Data  Lc  tasks.o [1]
xMinimumEverFreeBytesRemaining
                        0x20001ee0     0x4  Data  Lc  heap_4.o [1]
xNextTaskUnblockTime    0x20001f40     0x4  Data  Lc  tasks.o [1]
xNumOfOverflows         0x20001f38     0x4  Data  Lc  tasks.o [1]
xPendingReadyList       0x20001e8c    0x14  Data  Lc  tasks.o [1]
xPortStartScheduler     0x080065a7    0x88  Code  Gb  port.o [1]
xPortSysTickHandler     0x0800669b    0x28  Code  Gb  port.o [1]
xSchedulerRunning       0x20001f2c     0x4  Data  Lc  tasks.o [1]
xStart                  0x20001ec8     0x8  Data  Lc  heap_4.o [1]
xSuspendedTaskList      0x20001eb4    0x14  Data  Lc  tasks.o [1]
xTaskCreate             0x08005d95    0x84  Code  Gb  tasks.o [1]
xTaskGetSchedulerState  0x08006445    0x26  Code  Gb  tasks.o [1]
xTaskIncrementTick      0x0800615d   0x134  Code  Gb  tasks.o [1]
xTaskResumeAll          0x0800605f    0xfe  Code  Gb  tasks.o [1]
xTasksWaitingTermination
                        0x20001ea0    0x14  Data  Lc  tasks.o [1]
xTickCount              0x20001f24     0x4  Data  Lc  tasks.o [1]
xYieldPending           0x20001f34     0x4  Data  Lc  tasks.o [1]


[1] = C:\Users\Deo\Documents\GIT PROJECTS\Network-Analyzer\EWARM\NetworkAnalyzer\Obj
[2] = command line
[3] = dl7M_tlf.a
[4] = m7M_tl.a
[5] = rt7M_tl.a
[6] = shb_l.a

  32 782 bytes of readonly  code memory
   8 876 bytes of readonly  data memory
   8 016 bytes of readwrite data memory

Errors: none
Warnings: none
