###############################################################################
#
# IAR ELF Linker V7.50.2.10312/W32 for ARM                28/Sep/2018  17:32:24
# Copyright 2007-2015 IAR Systems AB.
#
#    Output file  =  
#        C:\Users\Deo\Documents\GIT
#        PROJECTS\Network-Analyzer\EWARM\NetworkAnalyzer\Exe\NetworkAnalyzer.out
#    Map file     =  
#        C:\Users\Deo\Documents\GIT
#        PROJECTS\Network-Analyzer\EWARM\NetworkAnalyzer\List\NetworkAnalyzer.map
#    Command line =  
#        "C:\Users\Deo\Documents\GIT
#        PROJECTS\Network-Analyzer\EWARM\NetworkAnalyzer\Obj\ADC.o"
#        "C:\Users\Deo\Documents\GIT
#        PROJECTS\Network-Analyzer\EWARM\NetworkAnalyzer\Obj\cmsis_os.o"
#        "C:\Users\Deo\Documents\GIT
#        PROJECTS\Network-Analyzer\EWARM\NetworkAnalyzer\Obj\croutine.o"
#        "C:\Users\Deo\Documents\GIT
#        PROJECTS\Network-Analyzer\EWARM\NetworkAnalyzer\Obj\DMA.o"
#        "C:\Users\Deo\Documents\GIT
#        PROJECTS\Network-Analyzer\EWARM\NetworkAnalyzer\Obj\event_groups.o"
#        "C:\Users\Deo\Documents\GIT
#        PROJECTS\Network-Analyzer\EWARM\NetworkAnalyzer\Obj\freertos.o"
#        "C:\Users\Deo\Documents\GIT
#        PROJECTS\Network-Analyzer\EWARM\NetworkAnalyzer\Obj\GPIO.o"
#        "C:\Users\Deo\Documents\GIT
#        PROJECTS\Network-Analyzer\EWARM\NetworkAnalyzer\Obj\Graphix.o"
#        "C:\Users\Deo\Documents\GIT
#        PROJECTS\Network-Analyzer\EWARM\NetworkAnalyzer\Obj\heap_4.o"
#        "C:\Users\Deo\Documents\GIT
#        PROJECTS\Network-Analyzer\EWARM\NetworkAnalyzer\Obj\I2C.o"
#        "C:\Users\Deo\Documents\GIT
#        PROJECTS\Network-Analyzer\EWARM\NetworkAnalyzer\Obj\list.o"
#        "C:\Users\Deo\Documents\GIT
#        PROJECTS\Network-Analyzer\EWARM\NetworkAnalyzer\Obj\main.o"
#        "C:\Users\Deo\Documents\GIT
#        PROJECTS\Network-Analyzer\EWARM\NetworkAnalyzer\Obj\Menus.o"
#        "C:\Users\Deo\Documents\GIT
#        PROJECTS\Network-Analyzer\EWARM\NetworkAnalyzer\Obj\Oled.o"
#        "C:\Users\Deo\Documents\GIT
#        PROJECTS\Network-Analyzer\EWARM\NetworkAnalyzer\Obj\port.o"
#        "C:\Users\Deo\Documents\GIT
#        PROJECTS\Network-Analyzer\EWARM\NetworkAnalyzer\Obj\portasm.o"
#        "C:\Users\Deo\Documents\GIT
#        PROJECTS\Network-Analyzer\EWARM\NetworkAnalyzer\Obj\queue.o"
#        "C:\Users\Deo\Documents\GIT
#        PROJECTS\Network-Analyzer\EWARM\NetworkAnalyzer\Obj\startup_stm32f103xb.o"
#        "C:\Users\Deo\Documents\GIT
#        PROJECTS\Network-Analyzer\EWARM\NetworkAnalyzer\Obj\stm32f1xx_hal.o"
#        "C:\Users\Deo\Documents\GIT
#        PROJECTS\Network-Analyzer\EWARM\NetworkAnalyzer\Obj\stm32f1xx_hal_adc.o"
#        "C:\Users\Deo\Documents\GIT
#        PROJECTS\Network-Analyzer\EWARM\NetworkAnalyzer\Obj\stm32f1xx_hal_adc_ex.o"
#        "C:\Users\Deo\Documents\GIT
#        PROJECTS\Network-Analyzer\EWARM\NetworkAnalyzer\Obj\stm32f1xx_hal_cortex.o"
#        "C:\Users\Deo\Documents\GIT
#        PROJECTS\Network-Analyzer\EWARM\NetworkAnalyzer\Obj\stm32f1xx_hal_dma.o"
#        "C:\Users\Deo\Documents\GIT
#        PROJECTS\Network-Analyzer\EWARM\NetworkAnalyzer\Obj\stm32f1xx_hal_flash.o"
#        "C:\Users\Deo\Documents\GIT
#        PROJECTS\Network-Analyzer\EWARM\NetworkAnalyzer\Obj\stm32f1xx_hal_flash_ex.o"
#        "C:\Users\Deo\Documents\GIT
#        PROJECTS\Network-Analyzer\EWARM\NetworkAnalyzer\Obj\stm32f1xx_hal_gpio.o"
#        "C:\Users\Deo\Documents\GIT
#        PROJECTS\Network-Analyzer\EWARM\NetworkAnalyzer\Obj\stm32f1xx_hal_gpio_ex.o"
#        "C:\Users\Deo\Documents\GIT
#        PROJECTS\Network-Analyzer\EWARM\NetworkAnalyzer\Obj\stm32f1xx_hal_i2c.o"
#        "C:\Users\Deo\Documents\GIT
#        PROJECTS\Network-Analyzer\EWARM\NetworkAnalyzer\Obj\stm32f1xx_hal_msp.o"
#        "C:\Users\Deo\Documents\GIT
#        PROJECTS\Network-Analyzer\EWARM\NetworkAnalyzer\Obj\stm32f1xx_hal_pwr.o"
#        "C:\Users\Deo\Documents\GIT
#        PROJECTS\Network-Analyzer\EWARM\NetworkAnalyzer\Obj\stm32f1xx_hal_rcc.o"
#        "C:\Users\Deo\Documents\GIT
#        PROJECTS\Network-Analyzer\EWARM\NetworkAnalyzer\Obj\stm32f1xx_hal_rcc_ex.o"
#        "C:\Users\Deo\Documents\GIT
#        PROJECTS\Network-Analyzer\EWARM\NetworkAnalyzer\Obj\stm32f1xx_hal_tim.o"
#        "C:\Users\Deo\Documents\GIT
#        PROJECTS\Network-Analyzer\EWARM\NetworkAnalyzer\Obj\stm32f1xx_hal_tim_ex.o"
#        "C:\Users\Deo\Documents\GIT
#        PROJECTS\Network-Analyzer\EWARM\NetworkAnalyzer\Obj\stm32f1xx_hal_timebase_TIM.o"
#        "C:\Users\Deo\Documents\GIT
#        PROJECTS\Network-Analyzer\EWARM\NetworkAnalyzer\Obj\stm32f1xx_it.o"
#        "C:\Users\Deo\Documents\GIT
#        PROJECTS\Network-Analyzer\EWARM\NetworkAnalyzer\Obj\system_stm32f1xx.o"
#        "C:\Users\Deo\Documents\GIT
#        PROJECTS\Network-Analyzer\EWARM\NetworkAnalyzer\Obj\SysTime.o"
#        "C:\Users\Deo\Documents\GIT
#        PROJECTS\Network-Analyzer\EWARM\NetworkAnalyzer\Obj\TaskKeyboard.o"
#        "C:\Users\Deo\Documents\GIT
#        PROJECTS\Network-Analyzer\EWARM\NetworkAnalyzer\Obj\TaskLed.o"
#        "C:\Users\Deo\Documents\GIT
#        PROJECTS\Network-Analyzer\EWARM\NetworkAnalyzer\Obj\TaskMeasure.o"
#        "C:\Users\Deo\Documents\GIT
#        PROJECTS\Network-Analyzer\EWARM\NetworkAnalyzer\Obj\TaskOled.o"
#        "C:\Users\Deo\Documents\GIT
#        PROJECTS\Network-Analyzer\EWARM\NetworkAnalyzer\Obj\TaskRTC.o"
#        "C:\Users\Deo\Documents\GIT
#        PROJECTS\Network-Analyzer\EWARM\NetworkAnalyzer\Obj\tasks.o"
#        "C:\Users\Deo\Documents\GIT
#        PROJECTS\Network-Analyzer\EWARM\NetworkAnalyzer\Obj\timers.o"
#        "C:\Users\Deo\Documents\GIT
#        PROJECTS\Network-Analyzer\EWARM\NetworkAnalyzer\Obj\u8g2_bitmap.o"
#        "C:\Users\Deo\Documents\GIT
#        PROJECTS\Network-Analyzer\EWARM\NetworkAnalyzer\Obj\u8g2_box.o"
#        "C:\Users\Deo\Documents\GIT
#        PROJECTS\Network-Analyzer\EWARM\NetworkAnalyzer\Obj\u8g2_buffer.o"
#        "C:\Users\Deo\Documents\GIT
#        PROJECTS\Network-Analyzer\EWARM\NetworkAnalyzer\Obj\u8g2_circle.o"
#        "C:\Users\Deo\Documents\GIT
#        PROJECTS\Network-Analyzer\EWARM\NetworkAnalyzer\Obj\u8g2_cleardisplay.o"
#        "C:\Users\Deo\Documents\GIT
#        PROJECTS\Network-Analyzer\EWARM\NetworkAnalyzer\Obj\u8g2_d_memory.o"
#        "C:\Users\Deo\Documents\GIT
#        PROJECTS\Network-Analyzer\EWARM\NetworkAnalyzer\Obj\u8g2_d_setup.o"
#        "C:\Users\Deo\Documents\GIT
#        PROJECTS\Network-Analyzer\EWARM\NetworkAnalyzer\Obj\u8g2_font.o"
#        "C:\Users\Deo\Documents\GIT
#        PROJECTS\Network-Analyzer\EWARM\NetworkAnalyzer\Obj\u8g2_fonts.o"
#        "C:\Users\Deo\Documents\GIT
#        PROJECTS\Network-Analyzer\EWARM\NetworkAnalyzer\Obj\u8g2_hvline.o"
#        "C:\Users\Deo\Documents\GIT
#        PROJECTS\Network-Analyzer\EWARM\NetworkAnalyzer\Obj\u8g2_input_value.o"
#        "C:\Users\Deo\Documents\GIT
#        PROJECTS\Network-Analyzer\EWARM\NetworkAnalyzer\Obj\u8g2_intersection.o"
#        "C:\Users\Deo\Documents\GIT
#        PROJECTS\Network-Analyzer\EWARM\NetworkAnalyzer\Obj\u8g2_kerning.o"
#        "C:\Users\Deo\Documents\GIT
#        PROJECTS\Network-Analyzer\EWARM\NetworkAnalyzer\Obj\u8g2_line.o"
#        "C:\Users\Deo\Documents\GIT
#        PROJECTS\Network-Analyzer\EWARM\NetworkAnalyzer\Obj\u8g2_ll_hvline.o"
#        "C:\Users\Deo\Documents\GIT
#        PROJECTS\Network-Analyzer\EWARM\NetworkAnalyzer\Obj\u8g2_message.o"
#        "C:\Users\Deo\Documents\GIT
#        PROJECTS\Network-Analyzer\EWARM\NetworkAnalyzer\Obj\u8g2_polygon.o"
#        "C:\Users\Deo\Documents\GIT
#        PROJECTS\Network-Analyzer\EWARM\NetworkAnalyzer\Obj\u8g2_selection_list.o"
#        "C:\Users\Deo\Documents\GIT
#        PROJECTS\Network-Analyzer\EWARM\NetworkAnalyzer\Obj\u8g2_setup.o"
#        "C:\Users\Deo\Documents\GIT
#        PROJECTS\Network-Analyzer\EWARM\NetworkAnalyzer\Obj\u8log.o"
#        "C:\Users\Deo\Documents\GIT
#        PROJECTS\Network-Analyzer\EWARM\NetworkAnalyzer\Obj\u8log_u8g2.o"
#        "C:\Users\Deo\Documents\GIT
#        PROJECTS\Network-Analyzer\EWARM\NetworkAnalyzer\Obj\u8log_u8x8.o"
#        "C:\Users\Deo\Documents\GIT
#        PROJECTS\Network-Analyzer\EWARM\NetworkAnalyzer\Obj\u8x8_8x8.o"
#        "C:\Users\Deo\Documents\GIT
#        PROJECTS\Network-Analyzer\EWARM\NetworkAnalyzer\Obj\u8x8_byte.o"
#        "C:\Users\Deo\Documents\GIT
#        PROJECTS\Network-Analyzer\EWARM\NetworkAnalyzer\Obj\u8x8_cad.o"
#        "C:\Users\Deo\Documents\GIT
#        PROJECTS\Network-Analyzer\EWARM\NetworkAnalyzer\Obj\u8x8_d_a2printer.o"
#        "C:\Users\Deo\Documents\GIT
#        PROJECTS\Network-Analyzer\EWARM\NetworkAnalyzer\Obj\u8x8_d_il3820_296x128.o"
#        "C:\Users\Deo\Documents\GIT
#        PROJECTS\Network-Analyzer\EWARM\NetworkAnalyzer\Obj\u8x8_d_ist3020.o"
#        "C:\Users\Deo\Documents\GIT
#        PROJECTS\Network-Analyzer\EWARM\NetworkAnalyzer\Obj\u8x8_d_ks0108.o"
#        "C:\Users\Deo\Documents\GIT
#        PROJECTS\Network-Analyzer\EWARM\NetworkAnalyzer\Obj\u8x8_d_lc7981.o"
#        "C:\Users\Deo\Documents\GIT
#        PROJECTS\Network-Analyzer\EWARM\NetworkAnalyzer\Obj\u8x8_d_ld7032_60x32.o"
#        "C:\Users\Deo\Documents\GIT
#        PROJECTS\Network-Analyzer\EWARM\NetworkAnalyzer\Obj\u8x8_d_ls013b7dh03.o"
#        "C:\Users\Deo\Documents\GIT
#        PROJECTS\Network-Analyzer\EWARM\NetworkAnalyzer\Obj\u8x8_d_max7219.o"
#        "C:\Users\Deo\Documents\GIT
#        PROJECTS\Network-Analyzer\EWARM\NetworkAnalyzer\Obj\u8x8_d_pcd8544_84x48.o"
#        "C:\Users\Deo\Documents\GIT
#        PROJECTS\Network-Analyzer\EWARM\NetworkAnalyzer\Obj\u8x8_d_pcf8812.o"
#        "C:\Users\Deo\Documents\GIT
#        PROJECTS\Network-Analyzer\EWARM\NetworkAnalyzer\Obj\u8x8_d_pcf8814_hx1230.o"
#        "C:\Users\Deo\Documents\GIT
#        PROJECTS\Network-Analyzer\EWARM\NetworkAnalyzer\Obj\u8x8_d_sbn1661.o"
#        "C:\Users\Deo\Documents\GIT
#        PROJECTS\Network-Analyzer\EWARM\NetworkAnalyzer\Obj\u8x8_d_sed1330.o"
#        "C:\Users\Deo\Documents\GIT
#        PROJECTS\Network-Analyzer\EWARM\NetworkAnalyzer\Obj\u8x8_d_sh1106_64x32.o"
#        "C:\Users\Deo\Documents\GIT
#        PROJECTS\Network-Analyzer\EWARM\NetworkAnalyzer\Obj\u8x8_d_sh1106_72x40.o"
#        "C:\Users\Deo\Documents\GIT
#        PROJECTS\Network-Analyzer\EWARM\NetworkAnalyzer\Obj\u8x8_d_sh1107.o"
#        "C:\Users\Deo\Documents\GIT
#        PROJECTS\Network-Analyzer\EWARM\NetworkAnalyzer\Obj\u8x8_d_sh1108.o"
#        "C:\Users\Deo\Documents\GIT
#        PROJECTS\Network-Analyzer\EWARM\NetworkAnalyzer\Obj\u8x8_d_sh1122.o"
#        "C:\Users\Deo\Documents\GIT
#        PROJECTS\Network-Analyzer\EWARM\NetworkAnalyzer\Obj\u8x8_d_ssd1305.o"
#        "C:\Users\Deo\Documents\GIT
#        PROJECTS\Network-Analyzer\EWARM\NetworkAnalyzer\Obj\u8x8_d_ssd1306_128x32.o"
#        "C:\Users\Deo\Documents\GIT
#        PROJECTS\Network-Analyzer\EWARM\NetworkAnalyzer\Obj\u8x8_d_ssd1306_128x64_noname.o"
#        "C:\Users\Deo\Documents\GIT
#        PROJECTS\Network-Analyzer\EWARM\NetworkAnalyzer\Obj\u8x8_d_ssd1306_48x64.o"
#        "C:\Users\Deo\Documents\GIT
#        PROJECTS\Network-Analyzer\EWARM\NetworkAnalyzer\Obj\u8x8_d_ssd1306_64x32.o"
#        "C:\Users\Deo\Documents\GIT
#        PROJECTS\Network-Analyzer\EWARM\NetworkAnalyzer\Obj\u8x8_d_ssd1306_64x48.o"
#        "C:\Users\Deo\Documents\GIT
#        PROJECTS\Network-Analyzer\EWARM\NetworkAnalyzer\Obj\u8x8_d_ssd1306_96x16.o"
#        "C:\Users\Deo\Documents\GIT
#        PROJECTS\Network-Analyzer\EWARM\NetworkAnalyzer\Obj\u8x8_d_ssd1309.o"
#        "C:\Users\Deo\Documents\GIT
#        PROJECTS\Network-Analyzer\EWARM\NetworkAnalyzer\Obj\u8x8_d_ssd1317.o"
#        "C:\Users\Deo\Documents\GIT
#        PROJECTS\Network-Analyzer\EWARM\NetworkAnalyzer\Obj\u8x8_d_ssd1322.o"
#        "C:\Users\Deo\Documents\GIT
#        PROJECTS\Network-Analyzer\EWARM\NetworkAnalyzer\Obj\u8x8_d_ssd1325.o"
#        "C:\Users\Deo\Documents\GIT
#        PROJECTS\Network-Analyzer\EWARM\NetworkAnalyzer\Obj\u8x8_d_ssd1326.o"
#        "C:\Users\Deo\Documents\GIT
#        PROJECTS\Network-Analyzer\EWARM\NetworkAnalyzer\Obj\u8x8_d_ssd1327.o"
#        "C:\Users\Deo\Documents\GIT
#        PROJECTS\Network-Analyzer\EWARM\NetworkAnalyzer\Obj\u8x8_d_ssd1329.o"
#        "C:\Users\Deo\Documents\GIT
#        PROJECTS\Network-Analyzer\EWARM\NetworkAnalyzer\Obj\u8x8_d_ssd1606_172x72.o"
#        "C:\Users\Deo\Documents\GIT
#        PROJECTS\Network-Analyzer\EWARM\NetworkAnalyzer\Obj\u8x8_d_ssd1607_200x200.o"
#        "C:\Users\Deo\Documents\GIT
#        PROJECTS\Network-Analyzer\EWARM\NetworkAnalyzer\Obj\u8x8_d_st75256.o"
#        "C:\Users\Deo\Documents\GIT
#        PROJECTS\Network-Analyzer\EWARM\NetworkAnalyzer\Obj\u8x8_d_st7565.o"
#        "C:\Users\Deo\Documents\GIT
#        PROJECTS\Network-Analyzer\EWARM\NetworkAnalyzer\Obj\u8x8_d_st7567.o"
#        "C:\Users\Deo\Documents\GIT
#        PROJECTS\Network-Analyzer\EWARM\NetworkAnalyzer\Obj\u8x8_d_st7586s_erc240160.o"
#        "C:\Users\Deo\Documents\GIT
#        PROJECTS\Network-Analyzer\EWARM\NetworkAnalyzer\Obj\u8x8_d_st7586s_s028hn118a.o"
#        "C:\Users\Deo\Documents\GIT
#        PROJECTS\Network-Analyzer\EWARM\NetworkAnalyzer\Obj\u8x8_d_st7588.o"
#        "C:\Users\Deo\Documents\GIT
#        PROJECTS\Network-Analyzer\EWARM\NetworkAnalyzer\Obj\u8x8_d_st7920.o"
#        "C:\Users\Deo\Documents\GIT
#        PROJECTS\Network-Analyzer\EWARM\NetworkAnalyzer\Obj\u8x8_d_stdio.o"
#        "C:\Users\Deo\Documents\GIT
#        PROJECTS\Network-Analyzer\EWARM\NetworkAnalyzer\Obj\u8x8_d_t6963.o"
#        "C:\Users\Deo\Documents\GIT
#        PROJECTS\Network-Analyzer\EWARM\NetworkAnalyzer\Obj\u8x8_d_uc1601.o"
#        "C:\Users\Deo\Documents\GIT
#        PROJECTS\Network-Analyzer\EWARM\NetworkAnalyzer\Obj\u8x8_d_uc1604.o"
#        "C:\Users\Deo\Documents\GIT
#        PROJECTS\Network-Analyzer\EWARM\NetworkAnalyzer\Obj\u8x8_d_uc1608.o"
#        "C:\Users\Deo\Documents\GIT
#        PROJECTS\Network-Analyzer\EWARM\NetworkAnalyzer\Obj\u8x8_d_uc1610.o"
#        "C:\Users\Deo\Documents\GIT
#        PROJECTS\Network-Analyzer\EWARM\NetworkAnalyzer\Obj\u8x8_d_uc1611.o"
#        "C:\Users\Deo\Documents\GIT
#        PROJECTS\Network-Analyzer\EWARM\NetworkAnalyzer\Obj\u8x8_d_uc1617.o"
#        "C:\Users\Deo\Documents\GIT
#        PROJECTS\Network-Analyzer\EWARM\NetworkAnalyzer\Obj\u8x8_d_uc1638.o"
#        "C:\Users\Deo\Documents\GIT
#        PROJECTS\Network-Analyzer\EWARM\NetworkAnalyzer\Obj\u8x8_d_uc1701_dogs102.o"
#        "C:\Users\Deo\Documents\GIT
#        PROJECTS\Network-Analyzer\EWARM\NetworkAnalyzer\Obj\u8x8_d_uc1701_mini12864.o"
#        "C:\Users\Deo\Documents\GIT
#        PROJECTS\Network-Analyzer\EWARM\NetworkAnalyzer\Obj\u8x8_debounce.o"
#        "C:\Users\Deo\Documents\GIT
#        PROJECTS\Network-Analyzer\EWARM\NetworkAnalyzer\Obj\u8x8_display.o"
#        "C:\Users\Deo\Documents\GIT
#        PROJECTS\Network-Analyzer\EWARM\NetworkAnalyzer\Obj\u8x8_fonts.o"
#        "C:\Users\Deo\Documents\GIT
#        PROJECTS\Network-Analyzer\EWARM\NetworkAnalyzer\Obj\u8x8_gpio.o"
#        "C:\Users\Deo\Documents\GIT
#        PROJECTS\Network-Analyzer\EWARM\NetworkAnalyzer\Obj\u8x8_input_value.o"
#        "C:\Users\Deo\Documents\GIT
#        PROJECTS\Network-Analyzer\EWARM\NetworkAnalyzer\Obj\u8x8_message.o"
#        "C:\Users\Deo\Documents\GIT
#        PROJECTS\Network-Analyzer\EWARM\NetworkAnalyzer\Obj\u8x8_selection_list.o"
#        "C:\Users\Deo\Documents\GIT
#        PROJECTS\Network-Analyzer\EWARM\NetworkAnalyzer\Obj\u8x8_setup.o"
#        "C:\Users\Deo\Documents\GIT
#        PROJECTS\Network-Analyzer\EWARM\NetworkAnalyzer\Obj\u8x8_string.o"
#        "C:\Users\Deo\Documents\GIT
#        PROJECTS\Network-Analyzer\EWARM\NetworkAnalyzer\Obj\u8x8_u16toa.o"
#        "C:\Users\Deo\Documents\GIT
#        PROJECTS\Network-Analyzer\EWARM\NetworkAnalyzer\Obj\u8x8_u8toa.o"
#        --redirect _Printf=_PrintfFull --redirect _Scanf=_ScanfFull -o
#        "C:\Users\Deo\Documents\GIT
#        PROJECTS\Network-Analyzer\EWARM\NetworkAnalyzer\Exe\NetworkAnalyzer.out"
#        --map "C:\Users\Deo\Documents\GIT
#        PROJECTS\Network-Analyzer\EWARM\NetworkAnalyzer\List\NetworkAnalyzer.map"
#        --config "C:\Users\Deo\Documents\GIT
#        PROJECTS\Network-Analyzer\EWARM/stm32f103xb_flash.icf" --semihosting
#        --entry __iar_program_start --vfe
#
###############################################################################

*******************************************************************************
*** RUNTIME MODEL ATTRIBUTES
***

CppFlavor                     = *
__Heap_Handler                = Basic
__SystemLibrary               = DLib
__dlib_dynamic_initialization = normal


*******************************************************************************
*** PLACEMENT SUMMARY
***

"A1":  place at 0x08000000 { ro section .intvec };
"P1":  place in [from 0x08000000 to 0x0801ffff] { ro };
"P2":  place in [from 0x20000000 to 0x20004fff] { rw, block CSTACK, block HEAP };

  Section            Kind        Address    Size  Object
  -------            ----        -------    ----  ------
"A1":                                       0xec
  .intvec            ro code  0x08000000    0xec  startup_stm32f103xb.o [1]
                            - 0x080000ec    0xec

"P1":                                     0x356c
  .text              ro code  0x080000ec   0x7c8  tasks.o [1]
  .text              ro code  0x080008b4   0x280  heap_4.o [1]
  .text              ro code  0x08000b34    0x9e  list.o [1]
  .rodata            const    0x08000bd2     0x2  stm32f1xx_hal_rcc.o [1]
  .text              ro code  0x08000bd4   0x1a4  port.o [1]
  CODE               ro code  0x08000d78    0x88  portasm.o [1]
  .text              ro code  0x08000e00   0x728  stm32f1xx_hal_rcc.o [1]
  .text              ro code  0x08001528    0x44  stm32f1xx_hal.o [1]
  .text              ro code  0x0800156c    0x90  stm32f1xx_hal_timebase_TIM.o [1]
  .text              ro code  0x080015fc    0x76  ABImemcpy_unaligned.o [5]
  .rodata            const    0x08001672     0x2  stm32f1xx_hal_rcc_ex.o [1]
  .text              ro code  0x08001674   0x184  stm32f1xx_hal_cortex.o [1]
  .text              ro code  0x080017f8   0x1c8  stm32f1xx_hal_msp.o [1]
  .text              ro code  0x080019c0   0x24c  stm32f1xx_hal_tim.o [1]
  .text              ro code  0x08001c0c   0x328  stm32f1xx_hal_gpio.o [1]
  .text              ro code  0x08001f34   0x208  stm32f1xx_hal_dma.o [1]
  .text              ro code  0x0800213c    0x84  main.o [1]
  .text              ro code  0x080021c0    0xa8  SysTime.o [1]
  .text              ro code  0x08002268     0x6  stm32f1xx_hal_tim_ex.o [1]
  .text              ro code  0x08002270    0x94  GPIO.o [1]
  .text              ro code  0x08002304    0x30  DMA.o [1]
  .text              ro code  0x08002334    0x9c  ADC.o [1]
  .text              ro code  0x080023d0    0x60  I2C.o [1]
  .text              ro code  0x08002430    0x76  cmsis_os.o [1]
  .text              ro code  0x080024a8   0x244  stm32f1xx_hal_rcc_ex.o [1]
  .text              ro code  0x080026ec   0x46c  stm32f1xx_hal_adc.o [1]
  .text              ro code  0x08002b58    0xf4  stm32f1xx_hal_adc_ex.o [1]
  .text              ro code  0x08002c4c   0x198  stm32f1xx_hal_i2c.o [1]
  .text              ro code  0x08002de4   0x21c  TaskKeyboard.o [1]
  .text              ro code  0x08003000   0x1fe  TaskLed.o [1]
  .text              ro code  0x08003200    0x68  system_stm32f1xx.o [1]
  .text              ro code  0x08003268    0x54  stm32f1xx_it.o [1]
  .rodata            const    0x080032bc    0x50  stm32f1xx_hal_msp.o [1]
  .rodata            const    0x0800330c    0x44  SysTime.o [1]
  .rodata            const    0x08003350    0x40  ADC.o [1]
  .rodata            const    0x08003390    0x40  I2C.o [1]
  .text              ro code  0x080033d0    0x40  zero_init3.o [5]
  .text              ro code  0x08003410    0x30  iarttio.o [6]
  .text              ro code  0x08003440     0x8  XShttio.o [3]
  .text              ro code  0x08003448    0x2c  copy_init3.o [5]
  .text              ro code  0x08003474    0x28  data_init.o [5]
  .iar.init_table    const    0x0800349c    0x24  - Linker created -
  .text              ro code  0x080034c0    0x1a  cmain.o [5]
  .text              ro code  0x080034da     0x4  low_level_init.o [3]
  .text              ro code  0x080034de     0x4  exit.o [3]
  .text              ro code  0x080034e4     0xa  cexit.o [5]
  .text              ro code  0x080034f0    0x14  exit.o [6]
  Initializer bytes  const    0x08003504    0x18  <for P2-1>
  .rodata            const    0x0800351c    0x14  main.o [1]
  .rodata            const    0x08003530    0x14  main.o [1]
  .rodata            const    0x08003544    0x10  stm32f1xx_hal_rcc.o [1]
  .rodata            const    0x08003554    0x10  stm32f1xx_hal_rcc_ex.o [1]
  .rodata            const    0x08003564    0x10  system_stm32f1xx.o [1]
  .text              ro code  0x08003574    0x10  startup_stm32f103xb.o [1]
  .rodata            const    0x08003584     0xc  main.o [1]
  .text              ro code  0x08003590     0xc  cstartup_M.o [5]
  .rodata            const    0x0800359c     0x8  system_stm32f1xx.o [1]
  .rodata            const    0x080035a4     0x8  tasks.o [1]
  .rodata            const    0x080035ac     0x4  heap_4.o [1]
  .rodata            const    0x080035b0     0x4  main.o [1]
  .text              ro code  0x080035b4     0x4  startup_stm32f103xb.o [1]
  .text              ro code  0x080035b8     0x4  startup_stm32f103xb.o [1]
  .text              ro code  0x080035bc     0x4  startup_stm32f103xb.o [1]
  .text              ro code  0x080035c0     0x4  startup_stm32f103xb.o [1]
  .text              ro code  0x080035c4     0x4  startup_stm32f103xb.o [1]
  .text              ro code  0x080035c8     0x4  startup_stm32f103xb.o [1]
  .text              ro code  0x080035cc     0x4  startup_stm32f103xb.o [1]
  .text              ro code  0x080035d0     0x4  startup_stm32f103xb.o [1]
  .text              ro code  0x080035d4     0x4  startup_stm32f103xb.o [1]
  .text              ro code  0x080035d8     0x4  startup_stm32f103xb.o [1]
  .text              ro code  0x080035dc     0x4  startup_stm32f103xb.o [1]
  .text              ro code  0x080035e0     0x4  startup_stm32f103xb.o [1]
  .text              ro code  0x080035e4     0x4  startup_stm32f103xb.o [1]
  .text              ro code  0x080035e8     0x4  startup_stm32f103xb.o [1]
  .text              ro code  0x080035ec     0x4  startup_stm32f103xb.o [1]
  .text              ro code  0x080035f0     0x4  startup_stm32f103xb.o [1]
  .text              ro code  0x080035f4     0x4  startup_stm32f103xb.o [1]
  .text              ro code  0x080035f8     0x4  startup_stm32f103xb.o [1]
  .text              ro code  0x080035fc     0x4  startup_stm32f103xb.o [1]
  .text              ro code  0x08003600     0x4  startup_stm32f103xb.o [1]
  .text              ro code  0x08003604     0x4  startup_stm32f103xb.o [1]
  .text              ro code  0x08003608     0x4  startup_stm32f103xb.o [1]
  .text              ro code  0x0800360c     0x4  startup_stm32f103xb.o [1]
  .text              ro code  0x08003610     0x4  startup_stm32f103xb.o [1]
  .text              ro code  0x08003614     0x4  startup_stm32f103xb.o [1]
  .text              ro code  0x08003618     0x4  startup_stm32f103xb.o [1]
  .text              ro code  0x0800361c     0x4  startup_stm32f103xb.o [1]
  .text              ro code  0x08003620     0x4  startup_stm32f103xb.o [1]
  .text              ro code  0x08003624     0x4  startup_stm32f103xb.o [1]
  .text              ro code  0x08003628     0x4  startup_stm32f103xb.o [1]
  .text              ro code  0x0800362c     0x4  startup_stm32f103xb.o [1]
  .text              ro code  0x08003630     0x4  startup_stm32f103xb.o [1]
  .text              ro code  0x08003634     0x4  startup_stm32f103xb.o [1]
  .text              ro code  0x08003638     0x4  startup_stm32f103xb.o [1]
  .text              ro code  0x0800363c     0x4  startup_stm32f103xb.o [1]
  .text              ro code  0x08003640     0x4  startup_stm32f103xb.o [1]
  .text              ro code  0x08003644     0x4  startup_stm32f103xb.o [1]
  .text              ro code  0x08003648     0x4  startup_stm32f103xb.o [1]
  .text              ro code  0x0800364c     0x4  startup_stm32f103xb.o [1]
  .text              ro code  0x08003650     0x4  startup_stm32f103xb.o [1]
  .text              ro code  0x08003654     0x4  startup_stm32f103xb.o [1]
  .rodata            const    0x08003658     0x0  zero_init3.o [5]
  .rodata            const    0x08003658     0x0  copy_init3.o [5]
                            - 0x08003658  0x356c

"P2", part 1 of 3:                          0x18
  P2-1                        0x20000000    0x16  <Init block>
    .data            inited   0x20000000     0x4  port.o [1]
    .data            inited   0x20000004     0x4  system_stm32f1xx.o [1]
    .data            inited   0x20000008     0x8  XShttio.o [3]
    .data            inited   0x20000010     0x2  TaskKeyboard.o [1]
    .data            inited   0x20000012     0x1  stm32f1xx_hal.o [1]
    .data            inited   0x20000013     0x1  TaskKeyboard.o [1]
    .data            inited   0x20000014     0x1  TaskKeyboard.o [1]
    .data            inited   0x20000015     0x1  TaskLed.o [1]
                            - 0x20000016    0x16

"P2", part 2 of 3:                         0x400
  CSTACK                      0x20000018   0x400  <Block>
    CSTACK           uninit   0x20000018   0x400  <Block tail>
                            - 0x20000418   0x400

"P2", part 3 of 3:                        0x130c
  .bss               zero     0x20000418  0x1000  heap_4.o [1]
  .bss               zero     0x20001418    0x8c  tasks.o [1]
  .bss               zero     0x200014a4    0x54  I2C.o [1]
  .bss               zero     0x200014f8    0x50  ADC.o [1]
  .bss               zero     0x20001548    0x50  ADC.o [1]
  .bss               zero     0x20001598    0x44  DMA.o [1]
  .bss               zero     0x200015dc    0x40  stm32f1xx_hal_timebase_TIM.o [1]
  .bss               zero     0x2000161c    0x30  ADC.o [1]
  .bss               zero     0x2000164c    0x14  tasks.o [1]
  .bss               zero     0x20001660    0x14  tasks.o [1]
  .bss               zero     0x20001674    0x14  tasks.o [1]
  .bss               zero     0x20001688    0x14  tasks.o [1]
  .bss               zero     0x2000169c    0x14  tasks.o [1]
  .bss               zero     0x200016b0     0x8  heap_4.o [1]
  .bss               zero     0x200016b8     0x4  heap_4.o [1]
  .bss               zero     0x200016bc     0x4  heap_4.o [1]
  .bss               zero     0x200016c0     0x4  heap_4.o [1]
  .bss               zero     0x200016c4     0x4  heap_4.o [1]
  .bss               zero     0x200016c8     0x4  main.o [1]
  .bss               zero     0x200016cc     0x4  main.o [1]
  .bss               zero     0x200016d0     0x4  main.o [1]
  .bss               zero     0x200016d4     0x4  port.o [1]
  .bss               zero     0x200016d8     0x4  stm32f1xx_hal.o [1]
  .bss               zero     0x200016dc     0x4  TaskKeyboard.o [1]
  .bss               zero     0x200016e0     0x4  TaskLed.o [1]
  .bss               zero     0x200016e4     0x4  tasks.o [1]
  .bss               zero     0x200016e8     0x4  tasks.o [1]
  .bss               zero     0x200016ec     0x4  tasks.o [1]
  .bss               zero     0x200016f0     0x4  tasks.o [1]
  .bss               zero     0x200016f4     0x4  tasks.o [1]
  .bss               zero     0x200016f8     0x4  tasks.o [1]
  .bss               zero     0x200016fc     0x4  tasks.o [1]
  .bss               zero     0x20001700     0x4  tasks.o [1]
  .bss               zero     0x20001704     0x4  tasks.o [1]
  .bss               zero     0x20001708     0x4  tasks.o [1]
  .bss               zero     0x2000170c     0x4  tasks.o [1]
  .bss               zero     0x20001710     0x4  tasks.o [1]
  .bss               zero     0x20001714     0x4  tasks.o [1]
  .bss               zero     0x20001718     0x4  tasks.o [1]
  .bss               zero     0x2000171c     0x4  tasks.o [1]
  .bss               zero     0x20001720     0x2  main.o [1]
  .bss               zero     0x20001722     0x1  ADC.o [1]
  .bss               zero     0x20001723     0x1  port.o [1]
                            - 0x20001724  0x130c


*******************************************************************************
*** INIT TABLE
***

          Address     Size
          -------     ----
Zero (__iar_zero_init3)
    1 destination range, total size 0x130c:
          0x20000418  0x130c

Copy (__iar_copy_init3)
    1 source range, total size 0x18 (109% of destination):
          0x08003504    0x18
    1 destination range, total size 0x16:
          0x20000000    0x16



*******************************************************************************
*** MODULE SUMMARY
***

    Module                        ro code  ro data  rw data
    ------                        -------  -------  -------
C:\Users\Deo\Documents\GIT PROJECTS\Network-Analyzer\EWARM\NetworkAnalyzer\Obj: [1]
    ADC.o                             156       64      209
    DMA.o                              48                68
    GPIO.o                            148
    I2C.o                              96       64       84
    SysTime.o                         168       68
    TaskKeyboard.o                    540        4        8
    TaskLed.o                         510        1        5
    cmsis_os.o                        118
    heap_4.o                          640        4    4 120
    list.o                            158
    main.o                            132       56       14
    port.o                            420        4        9
    portasm.o                         136
    startup_stm32f103xb.o             416
    stm32f1xx_hal.o                    68        1        5
    stm32f1xx_hal_adc.o             1 132
    stm32f1xx_hal_adc_ex.o            244
    stm32f1xx_hal_cortex.o            388
    stm32f1xx_hal_dma.o               520
    stm32f1xx_hal_gpio.o              808
    stm32f1xx_hal_i2c.o               408
    stm32f1xx_hal_msp.o               456       80
    stm32f1xx_hal_rcc.o             1 832       18
    stm32f1xx_hal_rcc_ex.o            580       18
    stm32f1xx_hal_tim.o               588
    stm32f1xx_hal_tim_ex.o              6
    stm32f1xx_hal_timebase_TIM.o      144                64
    stm32f1xx_it.o                     84
    system_stm32f1xx.o                104       28        4
    tasks.o                         1 992        8      300
    -------------------------------------------------------
    Total:                         13 040      418    4 890

command line: [2]
    -------------------------------------------------------
    Total:

dl7M_tlf.a: [3]
    XShttio.o                           8        8        8
    exit.o                              4
    low_level_init.o                    4
    -------------------------------------------------------
    Total:                             16        8        8

m7M_tl.a: [4]
    -------------------------------------------------------
    Total:

rt7M_tl.a: [5]
    ABImemcpy_unaligned.o             118
    cexit.o                            10
    cmain.o                            26
    copy_init3.o                       44
    cstartup_M.o                       12
    data_init.o                        40
    zero_init3.o                       64
    -------------------------------------------------------
    Total:                            314

shb_l.a: [6]
    exit.o                             20
    iarttio.o                          48
    -------------------------------------------------------
    Total:                             68

    Gaps                               10
    Linker created                              38    1 024
-----------------------------------------------------------
    Grand Total:                   13 448      464    5 922


*******************************************************************************
*** ENTRY LIST
***

Entry                      Address    Size  Type      Object
-----                      -------    ----  ----      ------
.iar.init_table$$Base   0x0800349c           --   Gb  - Linker created -
.iar.init_table$$Limit  0x080034c0           --   Gb  - Linker created -
?main                   0x080034c1          Code  Gb  cmain.o [5]
ADCReadedValue          0x200014f8    0x50  Data  Gb  ADC.o [1]
ADC_ConversionStop_Disable
                        0x08002b0d    0x4a  Code  Gb  stm32f1xx_hal_adc.o [1]
ADC_Enable              0x08002a87    0x6e  Code  Gb  stm32f1xx_hal_adc.o [1]
AHBPrescTable           0x08003564    0x10  Data  Gb  system_stm32f1xx.o [1]
APBPrescTable           0x0800359c     0x8  Data  Gb  system_stm32f1xx.o [1]
BusFault_Handler        0x0800327b     0x8  Code  Gb  stm32f1xx_it.o [1]
ButtonPress             0x20000013     0x1  Data  Gb  TaskKeyboard.o [1]
ButtonPressCnt          0x20000010     0x2  Data  Gb  TaskKeyboard.o [1]
CSTACK$$Base            0x20000018           --   Gb  - Linker created -
CSTACK$$Limit           0x20000418           --   Gb  - Linker created -
CheckButtons            0x08002de5   0x1f4  Code  Lc  TaskKeyboard.o [1]
ConversionEnd           0x20001722     0x1  Data  Gb  ADC.o [1]
CreateTask              0x08002159    0x34  Code  Lc  main.o [1]
DMA1_Channel1_IRQHandler
                        0x08003295    0x10  Code  Gb  stm32f1xx_it.o [1]
DMABuff                 0x20001548    0x50  Data  Lc  ADC.o [1]
DebugMon_Handler        0x0800328b     0x2  Code  Gb  stm32f1xx_it.o [1]
ErrorLine               0x20001720     0x2  Data  Gb  main.o [1]
ErrorMsg                0x200016d0     0x4  Data  Gb  main.o [1]
FlagButtons             0x200016dc     0x4  Data  Gb  TaskKeyboard.o [1]
GesLed                  0x08003125    0xc4  Code  Gb  TaskLed.o [1]
HAL_ADCEx_Calibration_Start
                        0x08002b59    0xec  Code  Gb  stm32f1xx_hal_adc_ex.o [1]
HAL_ADCEx_InjectedConvCpltCallback
                        0x08002c45     0x2  Code  Wk  stm32f1xx_hal_adc_ex.o [1]
HAL_ADC_ConfigChannel   0x0800293d   0x14a  Code  Gb  stm32f1xx_hal_adc.o [1]
HAL_ADC_ConvCpltCallback
                        0x0800239d    0x1c  Code  Gb  ADC.o [1]
HAL_ADC_IRQHandler      0x08002835   0x106  Code  Gb  stm32f1xx_hal_adc.o [1]
HAL_ADC_Init            0x080026ed   0x148  Code  Gb  stm32f1xx_hal_adc.o [1]
HAL_ADC_LevelOutOfWindowCallback
                        0x0800293b     0x2  Code  Wk  stm32f1xx_hal_adc.o [1]
HAL_ADC_MspInit         0x08001899    0xbc  Code  Gb  stm32f1xx_hal_msp.o [1]
HAL_DMA_IRQHandler      0x08001fad   0x16a  Code  Gb  stm32f1xx_hal_dma.o [1]
HAL_DMA_Init            0x08001f35    0x78  Code  Gb  stm32f1xx_hal_dma.o [1]
HAL_GPIO_Init           0x08001c0d   0x2ba  Code  Gb  stm32f1xx_hal_gpio.o [1]
HAL_GPIO_ReadPin        0x08001ec7    0x18  Code  Gb  stm32f1xx_hal_gpio.o [1]
HAL_GPIO_WritePin       0x08001edf    0x14  Code  Gb  stm32f1xx_hal_gpio.o [1]
HAL_GetTick             0x0800155b     0x6  Code  Wk  stm32f1xx_hal.o [1]
HAL_I2C_Init            0x08002c4d   0x188  Code  Gb  stm32f1xx_hal_i2c.o [1]
HAL_I2C_MspInit         0x08001955    0x3e  Code  Gb  stm32f1xx_hal_msp.o [1]
HAL_IncTick             0x0800154b    0x10  Code  Wk  stm32f1xx_hal.o [1]
HAL_Init                0x08001529    0x22  Code  Gb  stm32f1xx_hal.o [1]
HAL_InitTick            0x0800156d    0x80  Code  Gb  stm32f1xx_hal_timebase_TIM.o [1]
HAL_MspInit             0x080017f9    0xa0  Code  Gb  stm32f1xx_hal_msp.o [1]
HAL_NVIC_EnableIRQ      0x08001793     0xe  Code  Gb  stm32f1xx_hal_cortex.o [1]
HAL_NVIC_SetPriority    0x0800176d    0x26  Code  Gb  stm32f1xx_hal_cortex.o [1]
HAL_NVIC_SetPriorityGrouping
                        0x08001761     0xc  Code  Gb  stm32f1xx_hal_cortex.o [1]
HAL_NVIC_SystemReset    0x080017a1     0x8  Code  Gb  stm32f1xx_hal_cortex.o [1]
HAL_RCCEx_GetPeriphCLKFreq
                        0x080025b5   0x10a  Code  Gb  stm32f1xx_hal_rcc_ex.o [1]
HAL_RCCEx_PeriphCLKConfig
                        0x080024a9   0x10c  Code  Gb  stm32f1xx_hal_rcc_ex.o [1]
HAL_RCC_ClockConfig     0x08001257   0x184  Code  Gb  stm32f1xx_hal_rcc.o [1]
HAL_RCC_GetClockConfig  0x08001485    0x3a  Code  Gb  stm32f1xx_hal_rcc.o [1]
HAL_RCC_GetHCLKFreq     0x08001453     0x6  Code  Gb  stm32f1xx_hal_rcc.o [1]
HAL_RCC_GetPCLK1Freq    0x08001459    0x16  Code  Gb  stm32f1xx_hal_rcc.o [1]
HAL_RCC_GetPCLK2Freq    0x0800146f    0x16  Code  Gb  stm32f1xx_hal_rcc.o [1]
HAL_RCC_GetSysClockFreq
                        0x080013db    0x78  Code  Gb  stm32f1xx_hal_rcc.o [1]
HAL_RCC_OscConfig       0x08000e01   0x456  Code  Gb  stm32f1xx_hal_rcc.o [1]
HAL_SYSTICK_CLKSourceConfig
                        0x080017b5    0x20  Code  Gb  stm32f1xx_hal_cortex.o [1]
HAL_SYSTICK_Config      0x080017a9     0xc  Code  Gb  stm32f1xx_hal_cortex.o [1]
HAL_TIMEx_BreakCallback
                        0x0800226b     0x2  Code  Wk  stm32f1xx_hal_tim_ex.o [1]
HAL_TIMEx_CommutationCallback
                        0x08002269     0x2  Code  Wk  stm32f1xx_hal_tim_ex.o [1]
HAL_TIM_Base_Init       0x080019c1    0x38  Code  Gb  stm32f1xx_hal_tim.o [1]
HAL_TIM_Base_MspInit    0x080019f9     0x2  Code  Wk  stm32f1xx_hal_tim.o [1]
HAL_TIM_Base_Start_IT   0x080019fb    0x1e  Code  Gb  stm32f1xx_hal_tim.o [1]
HAL_TIM_IC_CaptureCallback
                        0x08001b91     0x2  Code  Wk  stm32f1xx_hal_tim.o [1]
HAL_TIM_IRQHandler      0x08001a19   0x176  Code  Gb  stm32f1xx_hal_tim.o [1]
HAL_TIM_OC_DelayElapsedCallback
                        0x08001b8f     0x2  Code  Wk  stm32f1xx_hal_tim.o [1]
HAL_TIM_PWM_PulseFinishedCallback
                        0x08001b93     0x2  Code  Wk  stm32f1xx_hal_tim.o [1]
HAL_TIM_PeriodElapsedCallback
                        0x0800224f    0x12  Code  Gb  SysTime.o [1]
HAL_TIM_TriggerCallback
                        0x08001b95     0x2  Code  Wk  stm32f1xx_hal_tim.o [1]
HardFault_Handler       0x0800326b     0x8  Code  Gb  stm32f1xx_it.o [1]
KeyboardHandle          0x200016c8     0x4  Data  Gb  main.o [1]
LastButtonPressed       0x20000014     0x1  Data  Gb  TaskKeyboard.o [1]
LedConf                 0x20000015     0x1  Data  Gb  TaskLed.o [1]
LedFlag                 0x200016e0     0x4  Data  Gb  TaskLed.o [1]
LedHandle               0x200016cc     0x4  Data  Gb  main.o [1]
MX_ADC1_Init            0x08002335    0x68  Code  Gb  ADC.o [1]
MX_DMA_Init             0x08002305    0x30  Code  Gb  DMA.o [1]
MX_GPIO_Init            0x08002271    0x94  Code  Gb  GPIO.o [1]
MX_I2C1_Init            0x080023d1    0x60  Code  Gb  I2C.o [1]
MemManage_Handler       0x08003273     0x8  Code  Gb  stm32f1xx_it.o [1]
NMI_Handler             0x08003269     0x2  Code  Gb  stm32f1xx_it.o [1]
NVIC_EnableIRQ          0x0800169d    0x14  Code  Lc  stm32f1xx_hal_cortex.o [1]
NVIC_EncodePriority     0x080016d7    0x3e  Code  Lc  stm32f1xx_hal_cortex.o [1]
NVIC_GetPriorityGrouping
                        0x08001693     0xa  Code  Lc  stm32f1xx_hal_cortex.o [1]
NVIC_SetPriority        0x080016b1    0x26  Code  Lc  stm32f1xx_hal_cortex.o [1]
NVIC_SetPriorityGrouping
                        0x08001675    0x1e  Code  Lc  stm32f1xx_hal_cortex.o [1]
NVIC_SystemReset        0x08001715    0x1c  Code  Lc  stm32f1xx_hal_cortex.o [1]
PendSV_Handler          0x08000d79          Code  Gb  portasm.o [1]
RCC_Delay               0x080014bf    0x26  Code  Lc  stm32f1xx_hal_rcc.o [1]
Region$$Table$$Base     0x0800349c           --   Gb  - Linker created -
Region$$Table$$Limit    0x080034c0           --   Gb  - Linker created -
SVC_Handler             0x08000dbf          Code  Gb  portasm.o [1]
Setup                   0x0800213d    0x1c  Code  Lc  main.o [1]
SysTick_Config          0x08001731    0x30  Code  Lc  stm32f1xx_hal_cortex.o [1]
SysTick_Handler         0x0800328d     0x8  Code  Gb  stm32f1xx_it.o [1]
SystemClock_Config      0x080021c1    0x8e  Code  Gb  SysTime.o [1]
SystemCoreClock         0x20000004     0x4  Data  Gb  system_stm32f1xx.o [1]
SystemInit              0x08003201    0x4e  Code  Gb  system_stm32f1xx.o [1]
TIM1_UP_IRQHandler      0x080032a5     0xa  Code  Gb  stm32f1xx_it.o [1]
TIM_Base_SetConfig      0x08001b97    0x68  Code  Gb  stm32f1xx_hal_tim.o [1]
TaskKeyboard            0x08002ff1    0x10  Code  Gb  TaskKeyboard.o [1]
TaskLed                 0x080031f5     0xa  Code  Gb  TaskLed.o [1]
TurnOffLed              0x08003001    0x92  Code  Lc  TaskLed.o [1]
TurnOnLed               0x08003093    0x92  Code  Lc  TaskLed.o [1]
UsageFault_Handler      0x08003283     0x8  Code  Gb  stm32f1xx_it.o [1]
_Error_Handler          0x0800219d     0xa  Code  Gb  main.o [1]
__cmain                 0x080034c1          Code  Gb  cmain.o [5]
__exit                  0x080034f1    0x14  Code  Gb  exit.o [6]
__iar_close_ttio        0x08003411    0x2e  Code  Gb  iarttio.o [6]
__iar_copy_init3        0x08003449    0x2c  Code  Gb  copy_init3.o [5]
__iar_data_init3        0x08003475    0x28  Code  Gb  data_init.o [5]
__iar_lookup_ttioh      0x08003441     0x8  Code  Gb  XShttio.o [3]
__iar_program_start     0x08003591          Code  Gb  cstartup_M.o [5]
__iar_ttio_handles      0x20000008     0x8  Data  Lc  XShttio.o [3]
__iar_unaligned___aeabi_memcpy
                        0x080015fd          Code  Gb  ABImemcpy_unaligned.o [5]
__iar_unaligned___aeabi_memcpy4
                        0x0800161d          Code  Gb  ABImemcpy_unaligned.o [5]
__iar_unaligned___aeabi_memcpy8
                        0x0800161d          Code  Gb  ABImemcpy_unaligned.o [5]
__iar_zero_init3        0x080033d1    0x40  Code  Gb  zero_init3.o [5]
__low_level_init        0x080034db     0x4  Code  Gb  low_level_init.o [3]
__vector_table          0x08000000          Data  Gb  startup_stm32f103xb.o [1]
_call_main              0x080034cd          Code  Gb  cmain.o [5]
_exit                   0x080034e5          Code  Gb  cexit.o [5]
_main                   0x080034d7          Code  Gb  cmain.o [5]
exit                    0x080034df     0x4  Code  Gb  exit.o [3]
hadc1                   0x2000161c    0x30  Data  Gb  ADC.o [1]
hdma_adc1               0x20001598    0x44  Data  Gb  DMA.o [1]
hi2c1                   0x200014a4    0x54  Data  Gb  I2C.o [1]
htim1                   0x200015dc    0x40  Data  Gb  stm32f1xx_hal_timebase_TIM.o [1]
main                    0x0800218d    0x10  Code  Gb  main.o [1]
makeFreeRtosPriority    0x08002431    0x12  Code  Lc  cmsis_os.o [1]
osDelay                 0x0800247b    0x1c  Code  Gb  cmsis_os.o [1]
osKernelStart           0x08002443     0xa  Code  Gb  cmsis_os.o [1]
osSystickHandler        0x08002497    0x10  Code  Gb  cmsis_os.o [1]
osThreadCreate          0x0800244d    0x2e  Code  Gb  cmsis_os.o [1]
prvAddCurrentTaskToDelayedList
                        0x080007f1    0x82  Code  Lc  tasks.o [1]
prvAddNewTaskToReadyList
                        0x08000239    0xb8  Code  Lc  tasks.o [1]
prvCheckTasksWaitingTermination
                        0x080006f1    0x66  Code  Lc  tasks.o [1]
prvDeleteTCB            0x08000757    0x12  Code  Lc  tasks.o [1]
prvHeapInit             0x08000a45    0x6e  Code  Lc  heap_4.o [1]
prvIdleTask             0x0800066d    0x24  Code  Lc  tasks.o [1]
prvInitialiseNewTask    0x08000171    0xc8  Code  Lc  tasks.o [1]
prvInitialiseTaskLists  0x08000695    0x54  Code  Lc  tasks.o [1]
prvInsertBlockIntoFreeList
                        0x08000ab3    0x62  Code  Lc  heap_4.o [1]
prvResetNextTaskUnblockTime
                        0x08000769    0x2e  Code  Lc  tasks.o [1]
prvTaskExitError        0x08000bf5    0x2a  Code  Lc  port.o [1]
pvPortMalloc            0x080008b5   0x118  Code  Gb  heap_4.o [1]
pxCurrentTCB            0x200016e4     0x4  Data  Gb  tasks.o [1]
pxDelayedTaskList       0x200016e8     0x4  Data  Lc  tasks.o [1]
pxEnd                   0x200016b8     0x4  Data  Lc  heap_4.o [1]
pxOverflowDelayedTaskList
                        0x200016ec     0x4  Data  Lc  tasks.o [1]
pxPortInitialiseStack   0x08000bd5    0x20  Code  Gb  port.o [1]
pxReadyTasksLists       0x20001418    0x8c  Data  Lc  tasks.o [1]
ucHeap                  0x20000418  0x1000  Data  Lc  heap_4.o [1]
ucMaxSysCallPriority    0x20001723     0x1  Data  Lc  port.o [1]
ulMaxPRIGROUPValue      0x200016d4     0x4  Data  Lc  port.o [1]
uwTick                  0x200016d8     0x4  Data  Gb  stm32f1xx_hal.o [1]
uwTickFreq              0x20000012     0x1  Data  Gb  stm32f1xx_hal.o [1]
uxCriticalNesting       0x20000000     0x4  Data  Lc  port.o [1]
uxCurrentNumberOfTasks  0x200016f4     0x4  Data  Lc  tasks.o [1]
uxDeletedTasksWaitingCleanUp
                        0x200016f0     0x4  Data  Lc  tasks.o [1]
uxListRemove            0x08000bab    0x28  Code  Gb  list.o [1]
uxPendedTicks           0x20001704     0x4  Data  Lc  tasks.o [1]
uxSchedulerSuspended    0x2000171c     0x4  Data  Lc  tasks.o [1]
uxTaskNumber            0x20001710     0x4  Data  Lc  tasks.o [1]
uxTopReadyPriority      0x200016fc     0x4  Data  Lc  tasks.o [1]
vListInitialise         0x08000b35    0x1e  Code  Gb  list.o [1]
vListInitialiseItem     0x08000b53     0x6  Code  Gb  list.o [1]
vListInsert             0x08000b71    0x3a  Code  Gb  list.o [1]
vListInsertEnd          0x08000b59    0x18  Code  Gb  list.o [1]
vPortEnterCritical      0x08000ca7    0x3a  Code  Gb  port.o [1]
vPortExitCritical       0x08000ce1    0x32  Code  Gb  port.o [1]
vPortFree               0x080009cd    0x78  Code  Gb  heap_4.o [1]
vPortSetupTimerInterrupt
                        0x08000d3b    0x1a  Code  Wk  port.o [1]
vPortStartFirstTask     0x08000ddf          Code  Gb  portasm.o [1]
vTaskDelay              0x080002f1    0x4e  Code  Gb  tasks.o [1]
vTaskStartScheduler     0x0800033f    0x68  Code  Gb  tasks.o [1]
vTaskSuspendAll         0x080003a7    0x10  Code  Gb  tasks.o [1]
vTaskSwitchContext      0x080005e9    0x72  Code  Gb  tasks.o [1]
xBlockAllocatedBit      0x200016c4     0x4  Data  Lc  heap_4.o [1]
xDelayedTaskList1       0x2000164c    0x14  Data  Lc  tasks.o [1]
xDelayedTaskList2       0x20001660    0x14  Data  Lc  tasks.o [1]
xFreeBytesRemaining     0x200016bc     0x4  Data  Lc  heap_4.o [1]
xHeapStructSize         0x080035ac     0x4  Data  Lc  heap_4.o [1]
xIdleTaskHandle         0x20001718     0x4  Data  Lc  tasks.o [1]
xMinimumEverFreeBytesRemaining
                        0x200016c0     0x4  Data  Lc  heap_4.o [1]
xNextTaskUnblockTime    0x20001714     0x4  Data  Lc  tasks.o [1]
xNumOfOverflows         0x2000170c     0x4  Data  Lc  tasks.o [1]
xPendingReadyList       0x20001674    0x14  Data  Lc  tasks.o [1]
xPortStartScheduler     0x08000c1f    0x88  Code  Gb  port.o [1]
xPortSysTickHandler     0x08000d13    0x28  Code  Gb  port.o [1]
xSchedulerRunning       0x20001700     0x4  Data  Lc  tasks.o [1]
xStart                  0x200016b0     0x8  Data  Lc  heap_4.o [1]
xSuspendedTaskList      0x2000169c    0x14  Data  Lc  tasks.o [1]
xTaskCreate             0x080000ed    0x84  Code  Gb  tasks.o [1]
xTaskGetSchedulerState  0x0800079d    0x26  Code  Gb  tasks.o [1]
xTaskIncrementTick      0x080004b5   0x134  Code  Gb  tasks.o [1]
xTaskResumeAll          0x080003b7    0xfe  Code  Gb  tasks.o [1]
xTasksWaitingTermination
                        0x20001688    0x14  Data  Lc  tasks.o [1]
xTickCount              0x200016f8     0x4  Data  Lc  tasks.o [1]
xYieldPending           0x20001708     0x4  Data  Lc  tasks.o [1]


[1] = C:\Users\Deo\Documents\GIT PROJECTS\Network-Analyzer\EWARM\NetworkAnalyzer\Obj
[2] = command line
[3] = dl7M_tlf.a
[4] = m7M_tl.a
[5] = rt7M_tl.a
[6] = shb_l.a

  13 448 bytes of readonly  code memory
     464 bytes of readonly  data memory
   5 922 bytes of readwrite data memory

Errors: none
Warnings: none
